******************************************************************************
          TMS320C6x COFF Linker Unix v6.0.7                    
******************************************************************************
>> Linked Sat Mar 13 14:45:54 2010

OUTPUT FILE NAME:   <out/omap3430/release/baseimage.o64P>
ENTRY POINT SYMBOL: "hwi0"  address: 20254000


MEMORY CONFIGURATION

         name            origin    length      used     unused   attr    fill
----------------------  --------  ---------  --------  --------  ----  --------
  IRAM                  107f8000   00008000  00000000  00008000  RWIX
  CACHE_L2              10800000   00010000  00000000  00010000  RWIX
  CACHE_L1P             10e00000   00008000  00000000  00008000  RWIX
  L1DSRAM               10f04000   00010000  00010000  00000000  RWIX
  CACHE_L1D             10f14000   00004000  00000000  00004000  RWIX
  SHMMEM                11000000   00008480  00008480  00000000  RWIX
  SHMSEG0               11009000   00001000  00001000  00000000  RWIX
  SHMSEG0_GPP           1100a000   00001000  00001000  00000000  RWIX
  BRIDGE_TRACE          1100b000   00005000  00001020  00003fe0  RWIX
  DYNEXTMEM             20000000   00200000  00000000  00200000  RWIX
  EXTCODE               20200000   0005ba00  000542d8  00007728  RWIX
  EXTMEM                2025ba00   00294600  0024f392  0004526e  RWIX


SECTION ALLOCATION MAP

 output                                  attributes/
section   page    origin      length       input sections
--------  ----  ----------  ----------   ----------------
.L1DSRAM$heap 
*          0    10f04000    00010000     UNINITIALIZED

.shm       0    11000000    00008480     UNINITIALIZED

.SHMSEG0$heap 
*          0    11009000    00001000     UNINITIALIZED

.shm0Resvd 
*          0    1100a000    00001000     UNINITIALIZED

.bridge_trace 
*          0    1100b000    00001020     
                  1100b000    00001000     --HOLE-- [fill = 00000000]
                  1100c000    0000001c     inst2.a64P : inst2.o64P (.bridge_trace) [fill = 00000000]
                  1100c01c    00000004     bridge.a64P : usr_putc.o64P (.bridge_trace) [fill = 00000000]

frt        0    20200000    00000000     UNINITIALIZED

dasf_nodecode 
*          0    20200000    00022580     
                  20200000    00022580     dasf_devnode.l64P : dasf_devnode.o64P (dasf_nodecode)

.text      0    20222580    0001f8c0     
                  20222580    00004e20     dasf_devnode.l64P : dasf_devnode.o64P (.text)
                  202273a0    00002940     utils.l64P : utils_buf.obj (.text)
                  20229ce0    00002540     dskt2.a64P : dskt2_scratch.o64P (.text)
                  2022c220    00000e60     dman3.a64P : dman3_api.o64P (.text)
                  2022d080    00000e40     bios3430.a64P : pwrm_slp3430.o64P (.text)
                  2022dec0    00000b80     newdev2430.a64P : dsm_dma.o64P (.text)
                  2022ea40    000009a0     rts64plus.lib : pow.obj (.text:_pow)
                  2022f3e0    00000880     tmon.l64P : tmon.o64P (.text)
                  2022fc60    00000780     bridge.a64P : dbp.o64P (.text)
                  202303e0    000006a0     dman3.a64P : rmm.o64P (.text)
                  20230a80    000006a0     bridge.a64P : rms_crea.o64P (.text)
                  20231120    00000480     rts64plus.lib : fwrite.obj (.text:_fwrite)
                  202315a0    00000440     bpwr.a64P : bpwr.o64P (.text)
                  202319e0    00000420     rts64plus.lib : _printfi.obj (.text:__setfield)
                  20231e00    000003c0                   : cos.obj (.text:_cos)
                  202321c0    000003a0     dskt2.a64P : dskt2_permute.o64P (.text)
                  20232560    000003a0     bpwr343x.a64P : bpwr_clk.o64P (.text)
                  20232900    00000380     bridge.a64P : rms_dele.o64P (.text)
                  20232c80    00000360     rts64plus.lib : _printfi.obj (.text:__getarg_diouxp)
                  20232fe0    00000360                   : _printfi.obj (.text:__printfi)
                  20233340    00000360                   : sin.obj (.text:_sin)
                  202336a0    00000340                   : ecvt.obj (.text:_ecvt)
                  202339e0    00000340                   : fcvt.obj (.text:_fcvt)
                  20233d20    00000320     inst2.a64P : inst2.o64P (.text)
                  20234040    00000300     bridge.a64P : strm_crea.o64P (.text)
                  20234340    00000300     dman3.a64P : dman3_initImpl.o64P (.text:DMAN3_init)
                  20234640    00000300     rts64plus.lib : _printfi.obj (.text:_ecvt)
                  20234940    00000300                   : _printfi.obj (.text:_fcvt)
                  20234c40    00000300                   : fputs.obj (.text:_fputs)
                  20234f40    00000300                   : log.obj (.text:_log)
                  20235240    000002e0     dman3.a64P : dman3_api.o64P (.text:DMAN3_grantDmaChannels)
                  20235520    000002e0     rts64plus.lib : _printfi.obj (.text:__fcpy)
                  20235800    000002e0                   : _printfi.obj (.text:__pproc_fwp)
                  20235ae0    000002e0                   : acos.obj (.text:_acos)
                  20235dc0    000002c0     dskt2.a64P : dskt2crea.o64P (.text)
                  20236080    000002c0     bios3430.a64P : pwrm_getld.o64P (.text)
                  20236340    000002c0     rts64plus.lib : atan.obj (.text:_atan)
                  20236600    000002a0     acpy3.a64P : acpy3.o64P (.text)
                  202368a0    000002a0                : acpy3_qdma.o64P (.text:ACPY3_activate)
                  20236b40    000002a0     rts64plus.lib : _printfi.obj (.text:__pconv_e)
                  20236de0    000002a0                   : exp.obj (.text:_exp)
                  20237080    00000280     utils.l64P : utils_mem.obj (.text)
                  20237300    00000240     bios3430.a64P : _pwrm_cpuload.o64P (.text)
                  20237540    00000240     rts64plus.lib : frcdivd.obj (.text:__frcdivd)
                  20237780    00000220     bridge.a64P : node_wait.o64P (.text)
                  202379a0    00000220                 : msg_fdsp.o64P (.text)
                  20237bc0    00000220     pwrm.a64P : pwrm_ntf.o64P (.text)
                  20237de0    00000220     rts64plus.lib : imath64.obj (.text:__divull)
                  20238000    00000220                   : _printfi.obj (.text:__pproc_diouxp)
                  20238220    00000220                   : _printfi.obj (.text:__pproc_str)
                  20238440    00000200     utils.l64P : utils_strm.obj (.text)
                  20238640    00000200     tiomap24xx.a64P : shm.o64P (.text)
                  20238840    00000200     acpy3.a64P : acpy3_setfinal.o64P (.text:ACPY3_setFinal)
                  20238a40    00000200                : acpy3_start.o64P (.text:ACPY3_start)
                  20238c40    00000200     dman3.a64P : dman3_api.o64P (.text:DMAN3_freeChannels)
                  20238e40    00000200     rts64plus.lib : frcaddd.obj (.text:__frcaddd)
                  20239040    00000200                   : sqrt.obj (.text:_sqrt)
                  20239240    000001e0     bridge.a64P : strm_dele.o64P (.text)
                  20239420    000001e0                 : msg_tdsp.o64P (.text)
                  20239600    000001e0                 : rms_init.o64P (.text)
                  202397e0    000001e0     rts64plus.lib : _printfi.obj (.text:__mcpy)
                  202399c0    000001e0                   : ldexp.obj (.text:_ldexp)
                  20239ba0    000001c0     dskt2.a64P : dskt2_qos.o64P (.text)
                  20239d60    000001c0     rts64plus.lib : divd.obj (.text:__divd)
                  20239f20    000001c0                   : fopen.obj (.text:__openfile)
                  2023a0e0    000001a0     bios3430.a64P : pwrm_rel3430.o64P (.text)
                  2023a280    000001a0     rts64plus.lib : trgdrv.obj (.text:_HOSTrename)
                  2023a420    000001a0                   : imath40.obj (.text:__divul)
                  2023a5c0    000001a0                   : mpyd.obj (.text:__mpyd)
                  2023a760    000001a0                   : frexp.obj (.text:_frexp)
                  2023a900    000001a0                   : setvbuf.obj (.text:_setvbuf)
                  2023aaa0    00000180     dskt2.a64P : dskt2dact.o64P (.text)
                  2023ac20    00000180     bios3430.a64P : pwrm_set3430.o64P (.text)
                  2023ada0    00000180     rts64plus.lib : addf.obj (.text:__addf)
                  2023af20    00000180                   : atan2.obj (.text:_atan2)
                  2023b0a0    00000180                   : lowlev.obj (.text:_open)
                  2023b220    00000160     bridge.a64P : msg_init.o64P (.text)
                  2023b380    00000160                 : node_getm.o64P (.text)
                  2023b4e0    00000160     pwrm.a64P : pwrm_reg.o64P (.text)
                  2023b640    00000160     acpy3.a64P : acpy3_configure.o64P (.text:ACPY3_configure)
                  2023b7a0    00000160     rts64plus.lib : addd.obj (.text:__addd)
                  2023b900    00000160                   : _printfi.obj (.text:__pconv_g)
                  2023ba60    00000160                   : _printfi.obj (.text:__pproc_fge)
                  2023bbc0    00000140     dman3.a64P : dman3_initImpl.o64P (.text)
                  2023bd00    00000140                : dman3_api.o64P (.text:DMAN3_createChannels)
                  2023be40    00000140     thrload.a64P : thrload.o64P (.text:THRLOAD_add)
                  2023bf80    00000140     rts64plus.lib : divf.obj (.text:__divf)
                  2023c0c0    00000140                   : mpyf.obj (.text:__mpyf)
                  2023c200    00000140                   : fputc.obj (.text:_fputc)
                  2023c340    00000120     dskt2.a64P : dskt2free.o64P (.text)
                  2023c460    00000120     bridge.a64P : usr_lger.o64P (.text)
                  2023c580    00000120                 : node_putm.o64P (.text)
                  2023c6a0    00000120     pwrm.a64P : pwrm_urg.o64P (.text)
                  2023c7c0    00000120     rts64plus.lib : _printfi.obj (.text:__pproc_fflags)
                  2023c8e0    00000120                   : fopen.obj (.text:__search_fp)
                  2023ca00    00000120                   : fclose.obj (.text:_fclose)
                  2023cb20    00000100     dskt2.a64P : dskt2actv.o64P (.text)
                  2023cc20    00000100     bridge.a64P : usr_putc.o64P (.text)
                  2023cd20    00000100                 : rms_writ.o64P (.text)
                  2023ce20    00000100                 : strm_recl.o64P (.text)
                  2023cf20    00000100     bios3430.a64P : _pwrm_rutl.o64P (.text)
                  2023d020    00000100     dman3.a64P : dman3_api.o64P (.text:DMAN3_releaseDmaChannels)
                  2023d120    00000100     thrload.a64P : thrload.o64P (.text:THRLOAD_remove)
                  2023d220    00000100                  : thrload.o64P (.text:THRLOAD_switchHook)
                  2023d320    00000100                  : thrload.o64P (.text:THRLOAD_update)
                  2023d420    00000100     rts64plus.lib : trgdrv.obj (.text:_HOSTopen)
                  2023d520    00000100                   : frcdivf.obj (.text:__frcdivf)
                  2023d620    00000100                   : frcmpyd.obj (.text:__frcmpyd)
                  2023d720    00000100                   : _printfi.obj (.text:__ltostr)
                  2023d820    00000100                   : round.obj (.text:__round)
                  2023d920    00000100                   : atoi.obj (.text:_atoi)
                  2023da20    00000100                   : atol.obj (.text:_atol)
                  2023db20    00000100                   : exit.obj (.text:_exit)
                  2023dc20    00000100                   : fflush.obj (.text:_fflush)
                  2023dd20    00000100                   : lowlev.obj (.text:_getdevice)
                  2023de20    000000e0     bridge.a64P : rms_stub.o64P (.text)
                  2023df00    000000e0     bios3430.a64P : pwrm_get3430.o64P (.text)
                  2023dfe0    000000e0     pwrm.a64P : pwrm_ispi.o64P (.text)
                  2023e0c0    000000e0     rts64plus.lib : trgdrv.obj (.text:_HOSTlseek)
                  2023e1a0    000000e0                   : _printfi.obj (.text:__div)
                  2023e280    000000e0                   : divi.obj (.text:__divi)
                  2023e360    000000e0                   : strasg.obj (.text:__strasgi)
                  2023e440    000000e0                   : _io_perm.obj (.text:__wrt_ok)
                  2023e520    000000e0                   : lowlev.obj (.text:_close)
                  2023e600    000000e0                   : fseek.obj (.text:_fseek)
                  2023e6e0    000000e0                   : memset.obj (.text:_memset)
                  2023e7c0    000000c0     bridge.a64P : rms_exec.o64P (.text)
                  2023e880    000000c0                 : strm_issu.o64P (.text)
                  2023e940    000000c0                 : rms_rpc.o64P (.text)
                  2023ea00    000000c0     rts64plus.lib : trgdrv.obj (.text:_HOSTread)
                  2023eac0    000000c0                   : trgdrv.obj (.text:_HOSTunlink)
                  2023eb80    000000c0                   : trgdrv.obj (.text:_HOSTwrite)
                  2023ec40    000000c0                   : fopen.obj (.text:__cleanup)
                  2023ed00    000000c0                   : divu.obj (.text:__divu)
                  2023edc0    000000c0                   : _printfi.obj (.text:__pconv_f)
                  2023ee80    000000c0                   : remi.obj (.text:__remi)
                  2023ef40    000000c0                   : div.obj (.text:_ldiv)
                  2023f000    000000c0                   : lowlev.obj (.text:_lseek)
                  2023f0c0    000000c0                   : ltoa.obj (.text:_ltoa)
                  2023f180    000000c0                   : modf.obj (.text:_modf)
                  2023f240    000000c0                   : lowlev.obj (.text:_write)
                  2023f300    000000a0     acpy3.a64P : acpy3_complete.o64P (.text)
                  2023f3a0    000000a0     bridge.a64P : rms_term.o64P (.text)
                  2023f440    000000a0                 : msg_ntfy.o64P (.text)
                  2023f4e0    000000a0     bios3430.a64P : _pwrm_hclk3430.o64P (.text)
                  2023f580    000000a0     pwrm.a64P : pwrm.o64P (.text)
                  2023f620    000000a0               : pwrm_sig.o64P (.text)
                  2023f6c0    000000a0     baseimagecfg_c.obj (.text)
                  2023f760    000000a0     acpy3.a64P : acpy3_complete.o64P (.text:ACPY3_complete)
                  2023f800    000000a0                : acpy3_wait.o64P (.text:ACPY3_wait)
                  2023f8a0    000000a0     rts64plus.lib : trgdrv.obj (.text:_HOSTclose)
                  2023f940    000000a0                   : cvtdf.obj (.text:__cvtdf)
                  2023f9e0    000000a0                   : imath40.obj (.text:__divli)
                  2023fa80    000000a0                   : fflush.obj (.text:__doflush)
                  2023fb20    000000a0                   : _printfi.obj (.text:__ecpy)
                  2023fbc0    000000a0                   : fixdli.obj (.text:__fixdli)
                  2023fc60    000000a0                   : fixdu.obj (.text:__fixdu)
                  2023fd00    000000a0                   : fixfu.obj (.text:__fixfu)
                  2023fda0    000000a0                   : fltlid.obj (.text:__fltlid)
                  2023fe40    000000a0                   : remu.obj (.text:__remu)
                  2023fee0    000000a0                   : strasg.obj (.text:__strasg)
                  2023ff80    000000a0                   : lowlev.obj (.text:_finddevice)
                  20240020    000000a0                   : memcpy64.obj (.text:_memcpy)
                  202400c0    000000a0                   : renormd.obj (.text:_renormd)
                  20240160    000000a0                   : strstr.obj (.text:_strstr)
                  20240200    000000a0                   : lowlev.obj (.text:_tabinit)
                  202402a0    000000a0                   : trgmsg.obj (.text:_writemsg)
                  20240340    00000080     dskt2.a64P : dskt2ctrl.o64P (.text)
                  202403c0    00000080     bridge.a64P : rms_read.o64P (.text)
                  20240440    00000080                 : rms_rply.o64P (.text)
                  202404c0    00000080                 : usr_doab.o64P (.text)
                  20240540    00000080     pwrm.a64P : pwrm_spipsv.o64P (.text)
                  202405c0    00000080               : pwrm_vsp.o64P (.text)
                  20240640    00000080     acpy3.a64P : acpy3_qdma.o64P (.text:ACPY3_deactivate)
                  202406c0    00000080     thrload.a64P : thrload.o64P (.text:THRLOAD_idleFxn)
                  20240740    00000080     rts64plus.lib : cmpd.obj (.text:__cmpd)
                  202407c0    00000080                   : cmpf.obj (.text:__cmpf)
                  20240840    00000080                   : fixdi.obj (.text:__fixdi)
                  202408c0    00000080                   : fixfi.obj (.text:__fixfi)
                  20240940    00000080                   : llshift.obj (.text:__llshl)
                  202409c0    00000080                   : mpyll.obj (.text:__mpyll)
                  20240a40    00000080                   : fprintf.obj (.text:_fprintf)
                  20240ac0    00000080                   : memcmp.obj (.text:_memcmp)
                  20240b40    00000080                   : printf.obj (.text:_printf)
                  20240bc0    00000080                   : rand.obj (.text:_rand)
                  20240c40    00000080                   : trgmsg.obj (.text:_readmsg)
                  20240cc0    00000080                   : strcat.obj (.text:_strcat)
                  20240d40    00000080                   : lowlev.obj (.text:_unlink)
                  20240dc0    00000060     bridge.a64P : rms_cfg.o64P (.text)
                  20240e20    00000060                 : rms_copy.o64P (.text)
                  20240e80    00000060     tiomap24xx.a64P : bridgeinit.o64P (.text)
                  20240ee0    00000060     bios3430.a64P : _pwrm_initclk3430.o64P (.text)
                  20240f40    00000060                   : _pwrm_sclntfy.o64P (.text)
                  20240fa0    00000060     thrload.a64P : thrload.o64P (.text:THRLOAD_getTskTime)
                  20241000    00000060     rts64plus.lib : cvtfd.obj (.text:__cvtfd)
                  20241060    00000060                   : fltid.obj (.text:__fltid)
                  202410c0    00000060                   : fltif.obj (.text:__fltif)
                  20241120    00000060                   : llshift.obj (.text:__llshr)
                  20241180    00000060                   : imath64.obj (.text:__subcull)
                  202411e0    00000060                   : div.obj (.text:_div)
                  20241240    00000060                   : fopen.obj (.text:_fopen)
                  202412a0    00000060                   : setjmp.obj (.text:_longjmp)
                  20241300    00000060                   : memccpy.obj (.text:_memccpy)
                  20241360    00000060                   : memmov.obj (.text:_memmove)
                  202413c0    00000060                   : strcpy.obj (.text:_strcpy)
                  20241420    00000060                   : strncmp.obj (.text:_strncmp)
                  20241480    00000060     thrload.a64P : thrload.o64P (.text:init)
                  202414e0    00000040     bridge.a64P : strm_allo.o64P (.text)
                  20241520    00000040                 : strm_idle.o64P (.text)
                  20241560    00000040                 : dclk_milli.o64P (.text)
                  202415a0    00000040                 : node_getpri.o64P (.text)
                  202415e0    00000040                 : rms_qry.o64P (.text)
                  20241620    00000040                 : node_getheap.o64P (.text)
                  20241660    00000040                 : rms_cpri.o64P (.text)
                  202416a0    00000040     bios3430.a64P : _pwrm_rinit.o64P (.text)
                  202416e0    00000040                   : pwrm_getlm.o64P (.text)
                  20241720    00000040     rts64plus.lib : assert.obj (.text:__abort_msg)
                  20241760    00000040                   : push.obj (.text:__call_stub)
                  202417a0    00000040                   : fltud.obj (.text:__fltud)
                  202417e0    00000040                   : fltuf.obj (.text:__fltuf)
                  20241820    00000040                   : frcmpyf.obj (.text:__frcmpyf)
                  20241860    00000040                   : llshift.obj (.text:__llshru)
                  202418a0    00000040                   : negd.obj (.text:__negd)
                  202418e0    00000040                   : negf.obj (.text:__negf)
                  20241920    00000040                   : imath40.obj (.text:__remli)
                  20241960    00000040                   : strasg.obj (.text:__strasgi_64plus)
                  202419a0    00000040                   : subd.obj (.text:__subd)
                  202419e0    00000040                   : subf.obj (.text:__subf)
                  20241a20    00000040                   : setjmp.obj (.text:_setjmp)
                  20241a60    00000040                   : strlen.obj (.text:_strlen)
                  20241aa0    00000020     bridge.a64P : msg_hd.o64P (.text)
                  20241ac0    00000020                 : strm_free.o64P (.text)
                  20241ae0    00000020                 : node_allo.o64P (.text)
                  20241b00    00000020                 : usr_noti.o64P (.text)
                  20241b20    00000020                 : msg_sigwn.o64P (.text)
                  20241b40    00000020                 : msg_sigbe.o64P (.text)
                  20241b60    00000020                 : node_free.o64P (.text)
                  20241b80    00000020     main.obj (.text)
                  20241ba0    00000020     acpy3.a64P : acpy3_init.o64P (.text:ACPY3_exit)
                  20241bc0    00000020                : acpy3_fastconfigure16b.o64P (.text:ACPY3_fastConfigure16b)
                  20241be0    00000020                : acpy3_fastconfigure32b.o64P (.text:ACPY3_fastConfigure32b)
                  20241c00    00000020                : acpy3_init.o64P (.text:ACPY3_init)
                  20241c20    00000020     dman3.a64P : dman3_init.o64P (.text:DMAN3_init)
                  20241c40    00000020     thrload.a64P : thrload.o64P (.text:THRLOAD_createHook)
                  20241c60    00000020                  : thrload.o64P (.text:THRLOAD_initHook)
                  20241c80    00000020     rts64plus.lib : negll.obj (.text:__negll)
                  20241ca0    00000020                   : _lock.obj (.text:__nop)
                  20241cc0    00000020                   : fprintf.obj (.text:__outc)
                  20241ce0    00000020                   : printf.obj (.text:__outc)
                  20241d00    00000020                   : fprintf.obj (.text:__outs)
                  20241d20    00000020                   : printf.obj (.text:__outs)
                  20241d40    00000020                   : push.obj (.text:__pop_rts)
                  20241d60    00000020                   : push.obj (.text:__push_rts)
                  20241d80    00000020                   : _lock.obj (.text:__register_lock)
                  20241da0    00000020                   : _lock.obj (.text:__register_unlock)
                  20241dc0    00000020                   : trunc.obj (.text:__trunc)
                  20241de0    00000020                   : exit.obj (.text:_abort)
                  20241e00    00000020                   : remove.obj (.text:_remove)
                  20241e20    00000020     thrload.a64P : thrload.o64P (.text:exit)

dasf_noderom 
*          0    20241e40    00007e38     
                  20241e40    00007e38     dasf_devnode.l64P : dasf_devnode.o64P (dasf_noderom)

instrumentation 
*          0    20249c80    000002c0     
                  20249c80    000002c0     inst2.a64P : inst2.o64P (instrumentation)

.bios      0    2024a000    00007500     
                  2024a000    00000d00     bios3430.a64P : _pwrm_ctxsav3430.o64P (.bios)
                  2024ad00    000005c0     bios.a64P : sys_prin.o64P (.bios)
                  2024b2c0    00000520               : exc.o64P (.bios)
                  2024b7e0    000004e0               : hwi_disp_asm.o64P (.bios)
                  2024bcc0    000004c0               : swi.o64P (.bios)
                  2024c180    000003a0     bios3430.a64P : hwi_wugen.o64P (.bios)
                  2024c520    00000360     bios.a64P : prd.o64P (.bios)
                  2024c880    00000340               : tsk_crea.o64P (.bios)
                  2024cbc0    000002c0               : dev_crea.o64P (.bios)
                  2024ce80    000002a0               : malloc.o64P (.bios)
                  2024d120    00000240               : knl_run.o64P (.bios)
                  2024d360    00000240               : mem_defi.o64P (.bios)
                  2024d5a0    00000220               : mem_rede.o64P (.bios)
                  2024d7c0    00000200               : hook.o64P (.bios)
                  2024d9c0    00000200               : sem_pend.o64P (.bios)
                  2024dbc0    00000200     bios3430.a64P : clk2430.o64P (.bios)
                  2024ddc0    000001e0     bios.a64P : c62_plug.o64P (.bios)
                  2024dfa0    000001e0               : knl_tick.o64P (.bios)
                  2024e180    000001e0               : exc_asm.o64P (.bios)
                  2024e360    000001e0               : mem_allo.o64P (.bios:.near)
                  2024e540    000001c0               : sem_dopo.o64P (.bios)
                  2024e700    000001c0               : tsk_dele.o64P (.bios)
                  2024e8c0    000001c0               : tsk_setp.o64P (.bios)
                  2024ea80    000001c0     bios3430.a64P : clk.o64P (.bios)
                  2024ec40    000001c0     bios.a64P : mem_free.o64P (.bios:.near)
                  2024ee00    000001a0               : tsk_setu.o64P (.bios)
                  2024efa0    00000180               : knl_swit.o64P (.bios)
                  2024f120    00000140               : tsk_exit.o64P (.bios)
                  2024f260    00000140               : autoinit.o64P (.bios)
                  2024f3a0    00000140               : mem_stat.o64P (.bios)
                  2024f4e0    00000140               : knl_read.o64P (.bios)
                  2024f620    00000140     bios3430.a64P : bcache_init.o64P (.bios)
                  2024f760    00000140                   : clk2430_reconfig.o64P (.bios)
                  2024f8a0    00000120     bios.a64P : gbl_cacheinit64P.o64P (.bios)
                  2024f9c0    00000120               : tsk_stup.o64P (.bios)
                  2024fae0    00000120               : knl_chec.o64P (.bios)
                  2024fc00    00000100     bios3430.a64P : bcache_block.o64P (.bios)
                  2024fd00    000000e0     bios.a64P : dev_dele.o64P (.bios)
                  2024fde0    000000e0               : sem_post_asm.o64P (.bios)
                  2024fec0    000000c0               : dev_find.o64P (.bios)
                  2024ff80    000000c0               : knl_exit.o64P (.bios)
                  20250040    000000c0               : dev_matc.o64P (.bios)
                  20250100    000000a0               : knl_star.o64P (.bios)
                  202501a0    000000a0               : dev_mkfr.o64P (.bios)
                  20250240    000000a0               : swi_seta.o64P (.bios)
                  202502e0    000000a0               : sys_exit.o64P (.bios)
                  20250380    000000a0               : sem_post.o64P (.bios)
                  20250420    000000a0     log8.a64P : log_ts.o64P (.bios)
                  202504c0    00000080     bios.a64P : swi_crea.o64P (.bios)
                  20250540    00000080               : sem_ipos.o64P (.bios)
                  202505c0    00000080               : knl_post.o64P (.bios)
                  20250640    00000080               : knl_ipos.o64P (.bios)
                  202506c0    00000080               : lck.o64P (.bios)
                  20250740    00000080               : obj_crea.o64P (.bios)
                  202507c0    00000080               : sem_crea.o64P (.bios)
                  20250840    00000080               : hwi_eventmap64P.o64P (.bios)
                  202508c0    00000080               : tsk_disa.o64P (.bios)
                  20250940    00000080               : hwi_disp.o64P (.bios)
                  202509c0    00000080               : atm.o64P (.bios)
                  20250a40    00000080     bios3430.a64P : bcache_all.o64P (.bios)
                  20250ac0    00000080                   : bcache_wait.o64P (.bios)
                  20250b40    00000080     log8.a64P : log5_ts.o64P (.bios)
                  20250bc0    00000080     pwrm.a64P : _pwrm_idleGem64P.o64P (.bios)
                  20250c40    00000060     bios.a64P : sts.o64P (.bios)
                  20250ca0    00000060               : hwi_c.o64P (.bios)
                  20250d00    00000060               : sem_pend_counting.o64P (.bios)
                  20250d60    00000060               : dev_rmfr.o64P (.bios)
                  20250dc0    00000060               : fxn.o64P (.bios)
                  20250e20    00000060               : swi_andn.o64P (.bios)
                  20250e80    00000060               : swi_disable.o64P (.bios)
                  20250ee0    00000060               : sys_abor.o64P (.bios)
                  20250f40    00000060               : obj_dele.o64P (.bios)
                  20250fa0    00000060     bios3430.a64P : _pwrm_errata3430.o64P (.bios)
                  20251000    00000060     bios.a64P : mem_vall.o64P (.bios:.near)
                  20251060    00000060               : sys_erro.o64P (.bios:.near)
                  202510c0    00000040               : tsk_getenv.o64P (.bios)
                  20251100    00000040               : que_get.o64P (.bios)
                  20251140    00000040               : swi_or.o64P (.bios)
                  20251180    00000040               : que_crea.o64P (.bios)
                  202511c0    00000040               : dev_ebad.o64P (.bios)
                  20251200    00000040               : swi_inc.o64P (.bios)
                  20251240    00000040               : c62_c.o64P (.bios)
                  20251280    00000040     pwrm.a64P : _pwrm_idle64P.o64P (.bios)
                  202512c0    00000020     bios.a64P : clk_getltime.o64P (.bios)
                  202512e0    00000020               : utl_halt.o64P (.bios)
                  20251300    00000020               : swi_self.o64P (.bios)
                  20251320    00000020               : idl.o64P (.bios)
                  20251340    00000020               : clk_getprd.o64P (.bios)
                  20251360    00000020               : clk_countspms.o64P (.bios)
                  20251380    00000020               : sys_one.o64P (.bios)
                  202513a0    00000020               : log_printf.o64P (.bios)
                  202513c0    00000020               : sts_set.o64P (.bios)
                  202513e0    00000020               : hook_getenv.o64P (.bios)
                  20251400    00000020               : fxn_c.o64P (.bios)
                  20251420    00000020               : swi_dele.o64P (.bios)
                  20251440    00000020               : swi_getmbox.o64P (.bios)
                  20251460    00000020               : hook_setenv.o64P (.bios)
                  20251480    00000020               : gbl_vers.o64P (.bios)
                  202514a0    00000020               : tsk_setenv.o64P (.bios)
                  202514c0    00000020               : sem_dele.o64P (.bios)
                  202514e0    00000020     bios3430.a64P : clk2430_gethtime.o64P (.bios)

.sysinit   0    20251500    00001da0     
                  20251500    000005c0     bpwr343x.a64P : bpwr_spnt.o64P (.sysinit:bpwr)
                  20251ac0    000004c0                   : bpwr_pred.o64P (.sysinit:bpwr)
                  20251f80    000003e0     baseimagecfg.obj (.sysinit)
                  20252360    00000340     tiomap24xx.a64P : shm.o64P (.sysinit)
                  202526a0    00000340     bpwr343x.a64P : bpwr_clk.o64P (.sysinit:bpwr)
                  202529e0    00000220     newdev2430.a64P : dsm_dma.o64P (.sysinit)
                  20252c00    000001e0     bpwr343x.a64P : pwr_event.o64P (.sysinit:bpwr)
                  20252de0    00000120     bios.a64P : dev_init.o64P (.sysinit)
                  20252f00    00000120     bpwr343x.a64P : pwr_idle.o64P (.sysinit:bpwr)
                  20253020    000000c0     bios.a64P : boot.o64P (.sysinit)
                  202530e0    000000a0               : mem_init.o64P (.sysinit)
                  20253180    00000080               : hook.o64P (.sysinit)
                  20253200    00000060               : tsk_init.o64P (.sysinit)
                  20253260    00000020               : obj_init.o64P (.sysinit)
                  20253280    00000020     pwrm.a64P : pwrm_ini.o64P (.sysinit)

SYNC_CLOCK_CODE 
*          0    202532a0    00000c20     
                  202532a0    00000c20     sync_clock.l64P : sync_clock.o64P (SYNC_CLOCK_CODE)

.hwi       0    20253ec0    00000100     
                  20253ec0    00000100     baseimagecfg.obj (.hwi)

.hwi_vec   0    20254000    00000200     
                  20254000    00000200     baseimagecfg.obj (.hwi_vec)

HAL_CODE   0    20254200    000001e0     
                  20254200    000001e0     timer.l64P : hal_timer.obj (HAL_CODE)

.data      0    2025ba00    00000000     UNINITIALIZED

.dskt2     0    2025ba00    00000000     UNINITIALIZED

.dsm       0    2025ba00    00000000     UNINITIALIZED

.gio       0    2025ba00    00000000     UNINITIALIZED

.hst       0    2025ba00    00000000     UNINITIALIZED

.pinit     0    2025ba00    00000000     UNINITIALIZED

.pip       0    2025ba00    00000000     UNINITIALIZED

.prd       0    2025ba00    00000000     UNINITIALIZED

.sysdata   0    2025ba00    00000000     UNINITIALIZED

.sysregs   0    2025ba00    00000000     UNINITIALIZED

.udev      0    2025ba00    00000000     UNINITIALIZED

dasf_nodebss 
*          0    2025ba00    00000000     UNINITIALIZED

.EXTMEM$heap 
*          0    2025ba00    00200000     UNINITIALIZED

.pwrm_contextBuffer 
*          0    2045ba00    00040000     UNINITIALIZED
                  2045ba00    00040000     bios3430.a64P : _pwrm_data3430.o64P (.pwrm_contextBuffer)

.stack     0    2049ba00    00004000     UNINITIALIZED

.cinit     0    2049fa00    0000241c     
                  2049fa00    000009e4     baseimagecfg.obj (.cinit)
                  204a03e4    00000004     --HOLE-- [fill = 0]
                  204a03e8    000004ac     dasf_devnode.l64P : dasf_devnode.o64P (.cinit)
                  204a0894    00000004     --HOLE-- [fill = 0]
                  204a0898    0000026c     bios.a64P : biosdata.o64P (.cinit)
                  204a0b04    00000004     --HOLE-- [fill = 0]
                  204a0b08    000001c8     baseimagecfg_c.obj (.cinit)
                  204a0cd0    000001b4     bpwr343x.a64P : bpwr_clk.o64P (.cinit)
                  204a0e84    00000004     --HOLE-- [fill = 0]
                  204a0e88    000001a4     bios.a64P : knl.o64P (.cinit)
                  204a102c    00000004     --HOLE-- [fill = 0]
                  204a1030    00000140     rts64plus.lib : pow.obj (.cinit)
                  204a1170    00000108     pwrm.a64P : pwrm.o64P (.cinit)
                  204a1278    000000b0     bios.a64P : swi.o64P (.cinit)
                  204a1328    00000070               : tsk.o64P (.cinit)
                  204a1398    00000070     rts64plus.lib : atan.obj (.cinit)
                  204a1408    0000006a     pwrm.a64P : pwrm_ini.o64P (.cinit)
                  204a1472    00000006     --HOLE-- [fill = 0]
                  204a1478    00000068     bios3430.a64P : pwrm_rdb3430.o64P (.cinit)
                  204a14e0    00000068     rts64plus.lib : acos.obj (.cinit)
                  204a1548    0000005c     dskt2.a64P : dskt2_scratch.o64P (.cinit)
                  204a15a4    00000004     --HOLE-- [fill = 0]
                  204a15a8    0000005c     rts64plus.lib : lowlev.obj (.cinit)
                  204a1604    00000004     --HOLE-- [fill = 0]
                  204a1608    0000005c                   : defs.obj (.cinit)
                  204a1664    00000004     --HOLE-- [fill = 0]
                  204a1668    00000054     newdev2430.a64P : dsm_dma.o64P (.cinit)
                  204a16bc    00000004     --HOLE-- [fill = 0]
                  204a16c0    0000004c     tmon.l64P : tmon.o64P (.cinit)
                  204a170c    00000004     --HOLE-- [fill = 0]
                  204a1710    0000004c     dman3.a64P : dman3_initImpl.o64P (.cinit)
                  204a175c    00000004     --HOLE-- [fill = 0]
                  204a1760    00000048     rts64plus.lib : cos.obj (.cinit)
                  204a17a8    00000048                   : sin.obj (.cinit)
                  204a17f0    00000044     bios.a64P : sys_stri.o64P (.cinit)
                  204a1834    00000004     --HOLE-- [fill = 0]
                  204a1838    00000040     rts64plus.lib : log.obj (.cinit)
                  204a1878    00000040                   : exp.obj (.cinit)
                  204a18b8    0000003c     bridge.a64P : usr_putc.o64P (.cinit)
                  204a18f4    00000004     --HOLE-- [fill = 0]
                  204a18f8    0000003c     bios.a64P : exc.o64P (.cinit)
                  204a1934    00000004     --HOLE-- [fill = 0]
                  204a1938    0000003c     bios3430.a64P : _pwrm_cpuload.o64P (.cinit)
                  204a1974    00000004     --HOLE-- [fill = 0]
                  204a1978    0000003a     thrload.a64P : thrload.o64P (.cinit)
                  204a19b2    00000006     --HOLE-- [fill = 0]
                  204a19b8    00000038     acpy3.a64P : acpy3.o64P (.cinit)
                  204a19f0    00000034     bios.a64P : hwi.o64P (.cinit)
                  204a1a24    00000004     --HOLE-- [fill = 0]
                  204a1a28    00000034     bios3430.a64P : pwrm_getld.o64P (.cinit)
                  204a1a5c    00000004     --HOLE-- [fill = 0]
                  204a1a60    00000032     bridge.a64P : dbp.o64P (.cinit)
                  204a1a92    00000006     --HOLE-- [fill = 0]
                  204a1a98    00000030     bios.a64P : tsk_stup.o64P (.cinit)
                  204a1ac8    0000002c     bridge.a64P : rms_init.o64P (.cinit)
                  204a1af4    00000004     --HOLE-- [fill = 0]
                  204a1af8    0000002c                 : rms_rpc.o64P (.cinit)
                  204a1b24    00000004     --HOLE-- [fill = 0]
                  204a1b28    0000002c     rts64plus.lib : exit.obj (.cinit)
                  204a1b54    00000004     --HOLE-- [fill = 0]
                  204a1b58    0000002a     tiomap24xx.a64P : shm.o64P (.cinit)
                  204a1b82    00000006     --HOLE-- [fill = 0]
                  204a1b88    00000024     bios.a64P : obj_init.o64P (.cinit)
                  204a1bac    00000004     --HOLE-- [fill = 0]
                  204a1bb0    0000001c     bpwr343x.a64P : bpwr_spnt.o64P (.cinit)
                  204a1bcc    00000004     --HOLE-- [fill = 0]
                  204a1bd0    0000001c     bios.a64P : mem_defi.o64P (.cinit)
                  204a1bec    00000004     --HOLE-- [fill = 0]
                  204a1bf0    0000001c               : swi_seta.o64P (.cinit)
                  204a1c0c    00000004     --HOLE-- [fill = 0]
                  204a1c10    0000001c               : exc_asm.o64P (.cinit)
                  204a1c2c    00000004     --HOLE-- [fill = 0]
                  204a1c30    0000001c               : sys.o64P (.cinit)
                  204a1c4c    00000004     --HOLE-- [fill = 0]
                  204a1c50    0000001c     rts64plus.lib : _lock.obj (.cinit)
                  204a1c6c    00000004     --HOLE-- [fill = 0]
                  204a1c70    0000001a     main.obj (.cinit)
                  204a1c8a    00000006     --HOLE-- [fill = 0]
                  204a1c90    00000018     bpwr343x.a64P : bpwr_pred.o64P (.cinit)
                  204a1ca8    00000018     bridge.a64P : strm.o64P (.cinit)
                  204a1cc0    00000018     bios.a64P : tsk_setp.o64P (.cinit)
                  204a1cd8    00000018               : knl_tick.o64P (.cinit)
                  204a1cf0    00000018               : dev_crea.o64P (.cinit)
                  204a1d08    00000014               : hwi_disp.o64P (.cinit)
                  204a1d1c    00000004     --HOLE-- [fill = 0]
                  204a1d20    00000014     bios3430.a64P : bcache_table.o64P (.cinit)
                  204a1d34    00000004     --HOLE-- [fill = 0]
                  204a1d38    00000010     bios.a64P : sem_crea.o64P (.cinit)
                  204a1d48    00000010     rts64plus.lib : rand.obj (.cinit)
                  204a1d58    0000000c     acpy3.a64P : acpy3_init.o64P (.cinit)
                  204a1d64    00000004     --HOLE-- [fill = 0]
                  204a1d68    0000000c     inst2.a64P : inst2.o64P (.cinit)
                  204a1d74    00000004     --HOLE-- [fill = 0]
                  204a1d78    0000000c     bios.a64P : que_crea.o64P (.cinit)
                  204a1d84    00000004     --HOLE-- [fill = 0]
                  204a1d88    0000000c               : knl_swit.o64P (.cinit)
                  204a1d94    00000004     --HOLE-- [fill = 0]
                  204a1d98    0000000c               : tsk_disa.o64P (.cinit)
                  204a1da4    00000004     --HOLE-- [fill = 0]
                  204a1da8    0000000c               : knl_star.o64P (.cinit)
                  204a1db4    00000004     --HOLE-- [fill = 0]
                  204a1db8    0000000c     bios3430.a64P : bcache_wait.o64P (.cinit)
                  204a1dc4    00000004     --HOLE-- [fill = 0]
                  204a1dc8    0000000c                   : _pwrm_initclk3430.o64P (.cinit)
                  204a1dd4    00000004     --HOLE-- [fill = 0]
                  204a1dd8    0000000c     rts64plus.lib : errno.obj (.cinit)
                  204a1de4    00000004     --HOLE-- [fill = 0]
                  204a1de8    0000000c                   : fopen.obj (.cinit)
                  204a1df4    00000004     --HOLE-- [fill = 0]
                  204a1df8    0000000a     bpwr.a64P : bpwr.o64P (.cinit)
                  204a1e02    00000006     --HOLE-- [fill = 0]
                  204a1e08    0000000a     bpwr343x.a64P : pwr_event.o64P (.cinit)
                  204a1e12    0000000a     --HOLE-- [fill = 0]

.gblinit   0    204a1e1c    00000064     
                  204a1e1c    00000064     baseimagecfg.obj (.gblinit)

.trace$buf 
*          0    204a1e80    00000080     UNINITIALIZED
                  204a1e80    00000080     baseimagecfg.obj (.trace$buf)

.LOG_multimedia$buf 
*          0    204a1f00    00000100     UNINITIALIZED
                  204a1f00    00000100     baseimagecfg.obj (.LOG_multimedia$buf)

.pwrm_warmBoot 
*          0    204a2000    000010e0     
                  204a2000    000010e0     bios3430.a64P : _pwrm_ctxres3430.o64P (.pwrm_warmBoot)

.TSK_dispatcher$stk 
*          0    204a30e0    00002000     UNINITIALIZED
                  204a30e0    00002000     baseimagecfg.obj (.TSK_dispatcher$stk)

.TSK_idle$stk 
*          0    204a50e0    00002000     UNINITIALIZED
                  204a50e0    00002000     baseimagecfg.obj (.TSK_idle$stk)

.far       0    204a70e0    00001878     UNINITIALIZED
                  204a70e0    000006a6     dasf_devnode.l64P : dasf_devnode.o64P (.far)
                  204a7786    00000002     bpwr343x.a64P : pwr_event.o64P (.far)
                  204a7788    00000194     rts64plus.lib : defs.obj (.far)
                  204a791c    00000004     acpy3.a64P : acpy3_init.o64P (.far)
                  204a7920    00000190     rts64plus.lib : fcvt.obj (.far)
                  204a7ab0    00000164     bpwr343x.a64P : bpwr_clk.o64P (.far)
                  204a7c14    00000004     bios.a64P : que_crea.o64P (.far)
                  204a7c18    00000160     baseimagecfg_c.obj (.far)
                  204a7d78    00000120     rts64plus.lib : pow.obj (.far)
                  204a7e98    000000f0     dman3.a64P : dman3_initImpl.o64P (.far)
                  204a7f88    000000d8     bios.a64P : knl.o64P (.far)
                  204a8060    000000d0     rts64plus.lib : trgdrv.obj (.far)
                  204a8130    000000cc                   : lowlev.obj (.far)
                  204a81fc    00000004     bios.a64P : mem_defi.o64P (.far)
                  204a8200    000000a8     pwrm.a64P : pwrm.o64P (.far)
                  204a82a8    00000090     rts64plus.lib : exit.obj (.far)
                  204a8338    00000064                   : ecvt.obj (.far)
                  204a839c    00000004     bios3430.a64P : bcache_wait.o64P (.far)
                  204a83a0    00000060                   : pwrm_rdb3430.o64P (.far)
                  204a8400    00000060     rts64plus.lib : atan.obj (.far)
                  204a8460    00000060                   : acos.obj (.far)
                  204a84c0    0000005c     bios.a64P : tsk.o64P (.far)
                  204a851c    00000004     bios3430.a64P : clk2430_data.o64P (.far)
                  204a8520    00000054     bios.a64P : obj_init.o64P (.far)
                  204a8574    00000044     bridge.a64P : msg_init.o64P (.far)
                  204a85b8    00000040     thrload.a64P : thrload_config.o64P (.far)
                  204a85f8    00000040     rts64plus.lib : cos.obj (.far)
                  204a8638    00000040                   : sin.obj (.far)
                  204a8678    0000003c     bios.a64P : sys_stri.o64P (.far)
                  204a86b4    00000004     rts64plus.lib : fopen.obj (.far)
                  204a86b8    00000030                   : exp.obj (.far)
                  204a86e8    00000030                   : log.obj (.far)
                  204a8718    00000028     bios.a64P : tsk_stup.o64P (.far)
                  204a8740    00000024     tmon.l64P : tmon.o64P (.far)
                  204a8764    00000024     acpy3.a64P : acpy3.o64P (.far)
                  204a8788    00000024     bridge.a64P : rms_rpc.o64P (.far)
                  204a87ac    00000024     main.obj (.far)
                  204a87d0    00000020     bios.a64P : sys.o64P (.far)
                  204a87f0    00000020     acpy3.a64P : acpy3.o64P (.far:internal:ACPY3)
                  204a8810    0000001c     bridge.a64P : dbp.o64P (.far)
                  204a882c    0000001c     newdev2430.a64P : dsm_dma.o64P (.far)
                  204a8848    00000018     bpwr343x.a64P : bpwr_pred.o64P (.far)
                  204a8860    00000014     inst2.a64P : inst2.o64P (.far)
                  204a8874    00000014     bios.a64P : swi_seta.o64P (.far)
                  204a8888    00000010     bridge.a64P : strm.o64P (.far)
                  204a8898    00000010     bios.a64P : exc.o64P (.far)
                  204a88a8    00000010               : dev_crea.o64P (.far)
                  204a88b8    00000010               : knl_tick.o64P (.far)
                  204a88c8    00000010               : tsk_setp.o64P (.far)
                  204a88d8    0000000c     bpwr343x.a64P : bpwr_spnt.o64P (.far)
                  204a88e4    0000000c     bridge.a64P : usr_putc.o64P (.far)
                  204a88f0    0000000c     thrload.a64P : thrload.o64P (.far)
                  204a88fc    0000000c     tiomap24xx.a64P : shm.o64P (.far)
                  204a8908    0000000c     bios.a64P : hwi_disp.o64P (.far)
                  204a8914    0000000c     bios3430.a64P : pwrm_getld.o64P (.far)
                  204a8920    0000000c                   : bcache_table.o64P (.far)
                  204a892c    00000004     rts64plus.lib : errno.obj (.far)
                  204a8930    00000008     dskt2.a64P : dskt2_scratch.o64P (.far)
                  204a8938    00000008     bios.a64P : sem_crea.o64P (.far)
                  204a8940    00000008     rts64plus.lib : _lock.obj (.far)
                  204a8948    00000008                   : rand.obj (.far)
                  204a8950    00000004     bios.a64P : dev_init.o64P (.far)
                  204a8954    00000004     baseimagecfg.obj (.far)

.const     0    204a8958    00000ec0     
                  204a8958    0000048b     dasf_devnode.l64P : dasf_devnode.o64P (.const)
                  204a8de3    00000001     --HOLE-- [fill = 0]
                  204a8de4    000001f0     bios.a64P : sys_stri.o64P (.const)
                  204a8fd4    00000004     bridge.a64P : dbp.o64P (.const)
                  204a8fd8    00000101     rts64plus.lib : ctype.obj (.const)
                  204a90d9    00000003                   : assert.obj (.const)
                  204a90dc    000000a7     inst2.a64P : inst2.o64P (.const)
                  204a9183    00000001     --HOLE-- [fill = 0]
                  204a9184    00000001     bios.a64P : tsk.o64P (.const)
                  204a9185    00000002     rts64plus.lib : fputs.obj (.const)
                  204a9187    00000001     --HOLE-- [fill = 0]
                  204a9188    0000009a     dskt2.a64P : dskt2_scratch.o64P (.const)
                  204a9222    00000002     --HOLE-- [fill = 0]
                  204a9224    00000071     bpwr.a64P : bpwr.o64P (.const)
                  204a9295    00000003     --HOLE-- [fill = 0]
                  204a9298    0000005f     bpwr343x.a64P : bpwr_spnt.o64P (.const)
                  204a92f7    00000001     --HOLE-- [fill = 0]
                  204a92f8    0000005c                   : bpwr_pred.o64P (.const)
                  204a9354    00000030     bridge.a64P : rms_dele.o64P (.const)
                  204a9384    00000026                 : msg_tdsp.o64P (.const)
                  204a93aa    00000002     --HOLE-- [fill = 0]
                  204a93ac    00000025                 : rms_term.o64P (.const)
                  204a93d1    00000003     --HOLE-- [fill = 0]
                  204a93d4    00000024     newdev2430.a64P : dsm_dma.o64P (.const)
                  204a93f8    0000001f     bridge.a64P : rms_rpc.o64P (.const)
                  204a9417    00000001     --HOLE-- [fill = 0]
                  204a9418    0000001f                 : msg_init.o64P (.const)
                  204a9437    00000001     --HOLE-- [fill = 0]
                  204a9438    0000001e                 : usr_lger.o64P (.const)
                  204a9456    00000002     --HOLE-- [fill = 0]
                  204a9458    00000011     bios.a64P : sys_prin.o64P (.const:_digtohex)
                  204a9469    00000003     --HOLE-- [fill = 0]
                  204a946c    00000001               : sem_crea.o64P (.const)
                  204a946d    00000003     --HOLE-- [fill = 0]
                  204a9470    00000010     bios3430.a64P : pwrm_slp3430.o64P (.const:_$P$T1$2)
                  204a9480    00000010                   : pwrm_slp3430.o64P (.const:_$P$T2$3)
                  204a9490    0000000f     bridge.a64P : rms_init.o64P (.const)
                  204a949f    00000001     --HOLE-- [fill = 0]
                  204a94a0    0000000f     tiomap24xx.a64P : shm.o64P (.const)
                  204a94af    00000001     --HOLE-- [fill = 0]
                  204a94b0    0000000c     thrload.a64P : thrload_config.o64P (.const)
                  204a94bc    00000008     tiomap24xx.a64P : bridgeinit.o64P (.const)
                  204a94c4    00000008     baseimagecfg_c.obj (.const)
                  204a94cc    00000006     acpy3.a64P : acpy3.o64P (.const)
                  204a94d2    00000002     --HOLE-- [fill = 0]
                  204a94d4    00000005     bridge.a64P : strm_crea.o64P (.const)
                  204a94d9    00000007     bios.a64P : sys_prin.o64P (.const)
                  204a94e0    00000004     bios3430.a64P : pwrm_slp3430.o64P (.const:_$P$T0$1)
                  204a94e4    00000193     bios.a64P : exc.o64P (.const)
                  204a9677    0000004e     baseimagecfg.obj (.const)
                  204a96c5    0000004a     pwrm.a64P : pwrm_ntf.o64P (.const)
                  204a970f    00000032     bios.a64P : mem_rede.o64P (.const)
                  204a9741    00000027     bios3430.a64P : pwrm_rel3430.o64P (.const)
                  204a9768    00000023                   : pwrm_set3430.o64P (.const)
                  204a978b    00000023     rts64plus.lib : _printfi.obj (.const)
                  204a97ae    00000022     bios.a64P : tsk_stup.o64P (.const)
                  204a97d0    00000020               : dev_init.o64P (.const)
                  204a97f0    00000014     bridge.a64P : usr_doab.o64P (.const)
                  204a9804    00000004     bios.a64P : dev_ebad.o64P (.const)
                  204a9808    00000004               : mem_allo.o64P (.const)
                  204a980c    00000004               : mem_free.o64P (.const)
                  204a9810    00000004               : dev_dele.o64P (.const)
                  204a9814    00000004               : dev_crea.o64P (.const)

.bss       0    204a9818    000004fc     UNINITIALIZED
                  204a9818    00000100     bios.a64P : hwi_disp_asm.o64P (.bss)
                  204a9918    000000cc               : biosdata.o64P (.bss)
                  204a99e4    0000009c               : swi.o64P (.bss)
                  204a9a80    0000007c     baseimagecfg.obj (.bss)
                  204a9afc    00000048     bios.a64P : knl.o64P (.bss)
                  204a9b44    0000002c     bios3430.a64P : _pwrm_cpuload.o64P (.bss)
                  204a9b70    00000028     newdev2430.a64P : dsm_dma.o64P (.bss)
                  204a9b98    00000024     pwrm.a64P : pwrm.o64P (.bss)
                  204a9bbc    00000004     dman3.a64P : dman3_initImpl.o64P (.bss)
                  204a9bc0    00000020     bios.a64P : exc_asm.o64P (.bss)
                  204a9be0    0000001c     dskt2.a64P : dskt2_scratch.o64P (.bss)
                  204a9bfc    0000001a     pwrm.a64P : pwrm_ini.o64P (.bss)
                  204a9c16    00000002     bpwr.a64P : bpwr.o64P (.bss)
                  204a9c18    00000018     bridge.a64P : rms_init.o64P (.bss)
                  204a9c30    00000018     bios.a64P : hook.o64P (.bss)
                  204a9c48    00000018               : hwi.o64P (.bss)
                  204a9c60    00000014     bridge.a64P : msg_init.o64P (.bss)
                  204a9c74    00000014     bios3430.a64P : pwrm_getld.o64P (.bss)
                  204a9c88    00000010     bpwr343x.a64P : bpwr_clk.o64P (.bss)
                  204a9c98    00000010     bios.a64P : exc.o64P (.bss)
                  204a9ca8    0000000c               : tsk.o64P (.bss)
                  204a9cb4    0000000a     bridge.a64P : dbp.o64P (.bss)
                  204a9cbe    00000002     thrload.a64P : thrload.o64P (.bss)
                  204a9cc0    0000000a     tiomap24xx.a64P : shm.o64P (.bss)
                  204a9ccc    00000008     bpwr343x.a64P : bpwr_pred.o64P (.bss)
                  204a9cd4    00000008     bridge.a64P : rms_term.o64P (.bss)
                  204a9cdc    00000008     bios.a64P : sys.o64P (.bss)
                  204a9ce4    00000008               : clk_data.o64P (.bss)
                  204a9cec    00000004     bpwr343x.a64P : bpwr_spnt.o64P (.bss)
                  204a9cf0    00000004     inst2.a64P : inst2.o64P (.bss)
                  204a9cf4    00000004     bios.a64P : dev_init.o64P (.bss)
                  204a9cf8    00000004               : knl_star.o64P (.bss)
                  204a9cfc    00000004               : clk_data2.o64P (.bss)
                  204a9d00    00000004               : mem_asm.o64P (.bss)
                  204a9d04    00000004               : tsk_disa.o64P (.bss)
                  204a9d08    00000004               : mem_defi.o64P (.bss)
                  204a9d0c    00000004     bios3430.a64P : _pwrm_initclk3430.o64P (.bss)
                  204a9d10    00000004                   : pwrm_rdb3430.o64P (.bss)

.switch    0    204a9d14    0000047c     
                  204a9d14    000002f0     dasf_devnode.l64P : dasf_devnode.o64P (.switch)
                  204aa004    0000007c     dskt2.a64P : dskt2_scratch.o64P (.switch)
                  204aa080    0000005c     tmon.l64P : tmon.o64P (.switch)
                  204aa0dc    0000003c     bios3430.a64P : pwrm_slp3430.o64P (.switch)
                  204aa118    0000001c     bpwr343x.a64P : pwr_event.o64P (.switch)
                  204aa134    00000018                   : bpwr_clk.o64P (.switch)
                  204aa14c    00000014     sync_clock.l64P : sync_clock.o64P (.switch)
                  204aa160    00000010     timer.l64P : hal_timer.obj (.switch)
                  204aa170    00000010     bios3430.a64P : _pwrm_cpuload.o64P (.switch)
                  204aa180    00000010     rts64plus.lib : frcdivd.obj (.switch)

.TERMINATE_TSK$stk 
*          0    204aa190    00000400     UNINITIALIZED
                  204aa190    00000400     baseimagecfg.obj (.TERMINATE_TSK$stk)

.log       0    204aa590    00000060     
                  204aa590    00000060     baseimagecfg.obj (.log)

.sys       0    204aa5f0    00000010     UNINITIALIZED
                  204aa5f0    00000010     baseimagecfg.obj (.sys)

.bridge$buf 
*          0    204aa600    00000200     UNINITIALIZED
                  204aa600    00000200     baseimagecfg.obj (.bridge$buf)

.LOG_system$buf 
*          0    204aa800    00000100     UNINITIALIZED
                  204aa800    00000100     baseimagecfg.obj (.LOG_system$buf)

.tsk       0    204aa900    00000138     UNINITIALIZED
                  204aa900    00000138     baseimagecfg.obj (.tsk)

.cio       0    204aaa38    00000120     UNINITIALIZED
                  204aaa38    00000120     rts64plus.lib : trgmsg.obj (.cio)

.devtable 
*          0    204aab58    000000fc     UNINITIALIZED
                  204aab58    000000fc     baseimagecfg.obj (.devtable)

.swi       0    204aac54    00000058     UNINITIALIZED
                  204aac54    00000058     baseimagecfg.obj (.swi)

.args      0    204aacac    00000004     
                  204aacac    00000004     --HOLE-- [fill = 00000000]

SYNC_CLOCK_DATA 
*          0    204aacb0    00000032     
                  204aacb0    00000032     sync_clock.l64P : sync_clock.o64P (SYNC_CLOCK_DATA)

.sem       0    204aace4    0000002c     UNINITIALIZED
                  204aace4    0000002c     baseimagecfg.obj (.sem)

dasf_nodedata 
*          0    204aad10    0000002c     UNINITIALIZED
                  204aad10    0000002c     dasf_devnode.l64P : dasf_devnode.o64P (dasf_nodedata)

.sts       0    204aad3c    00000020     
                  204aad3c    00000020     baseimagecfg.obj (.sts)

.mem       0    204aad5c    00000004     UNINITIALIZED
                  204aad5c    00000004     baseimagecfg.obj (.mem)

.dllview   0    204aad60    00000008     
                  204aad60    00000008     dlmodules.obj (.dllview)

.idl       0    204aad68    0000000c     UNINITIALIZED
                  204aad68    0000000c     baseimagecfg.obj (.idl)

.idlcal    0    204aad74    0000000c     UNINITIALIZED
                  204aad74    0000000c     baseimagecfg.obj (.idlcal)

.trcdata   0    204aad80    0000000c     
                  204aad80    0000000c     bios.a64P : trc.o64P (.trcdata)

.clk       0    204aad8c    00000008     UNINITIALIZED
                  204aad8c    00000008     baseimagecfg.obj (.clk)


GLOBAL SYMBOLS: SORTED ALPHABETICALLY BY Name 

address    name
--------   ----
204a9818   $bss
204a9818   .bss
2025ba00   .data
20222580   .text
20251f80   BIOS_init
202522c8   BIOS_start
ffffffff   BRIDGE_TRACE
00000001   BRIDGE_configHook
00000000   BUF$
00000001   BUF_ENABLED
20241de0   C$$EXIT
20240324   C$$IO$$
ffffffff   CACHE_L1D
ffffffff   CACHE_L1P
ffffffff   CACHE_L2
00000001   CLK$
204aad8c   CLK_A_TABBEG
00000001   CLK_CALDIV
00000001   CLK_CALMULT
0002bf20   CLK_COUNTSPMS
00000002   CLK_COUNTSPMSHIGH
204a9940   CLK_D_idletime
204a993c   CLK_D_isrhook
204a9938   CLK_D_tabbeg
204a9934   CLK_D_timefxn
00000001   CLK_ENABLEHTIME
2024ea80   CLK_F_getltime
2024ea90   CLK_F_isr
2024ebe0   CLK_F_itime
2024b7e0   CLK_HOOKFXN
00000001   CLK_HTIMEDIV
00000001   CLK_HTIMEMULT
0002bf20   CLK_HTIMEPERLTIME
00000020   CLK_INPUTCLK
00004000   CLK_INTBIT
00000001   CLK_LTIMEDIV
0002bf1f   CLK_LTIMEMULT
000003e8   CLK_MICROSECS
00000020   CLK_PRD
00000000   CLK_PRDHIGH
11800000   CLK_REGS
00000000   CLK_RESETTIMER
204a9930   CLK_R_time
00000020   CLK_TCR
00000000   CLK_TDDR
00000000   CLK_TDDRHIGH
202514e0   CLK_TIMEFXN
00000000   CLK_TIMERNUM
00000005   CLK_TIMMODE
00000001   CLK_USETIMER
204aad90   CLK_null
00000000   DEV$
00000000   DGN$
00000000   DHL$
00000000   DHL_gChannelsAvailable
00000000   DIO$
00000000   DIO_NUMSWIBASE
00000000   DIO_NUMTSKBASE
00000000   DIO_STATIC
00000000   DPI$
ffffffff   DYNEXTMEM
00000000   ECM$
00000000   ECM_ENABLE
ffffffff   ECM_EVTMASK0
ffffffff   ECM_EVTMASK1
ffffffff   ECM_EVTMASK2
ffffffff   ECM_EVTMASK3
0000000a   EVENT10
00000064   EVENT100
00000065   EVENT101
00000066   EVENT102
00000067   EVENT103
00000068   EVENT104
00000069   EVENT105
0000006a   EVENT106
0000006b   EVENT107
0000006c   EVENT108
0000006d   EVENT109
0000000b   EVENT11
0000006e   EVENT110
0000006f   EVENT111
00000070   EVENT112
00000071   EVENT113
00000072   EVENT114
00000073   EVENT115
00000074   EVENT116
00000075   EVENT117
00000076   EVENT118
00000077   EVENT119
0000000c   EVENT12
00000078   EVENT120
00000079   EVENT121
0000007a   EVENT122
0000007b   EVENT123
0000007c   EVENT124
0000007d   EVENT125
0000007e   EVENT126
0000007f   EVENT127
0000000d   EVENT13
0000000e   EVENT14
0000000f   EVENT15
00000010   EVENT16
00000011   EVENT17
00000012   EVENT18
00000013   EVENT19
00000014   EVENT20
00000015   EVENT21
00000016   EVENT22
00000017   EVENT23
00000018   EVENT24
00000019   EVENT25
0000001a   EVENT26
0000001b   EVENT27
0000001c   EVENT28
0000001d   EVENT29
0000001e   EVENT30
0000001f   EVENT31
00000020   EVENT32
00000021   EVENT33
00000022   EVENT34
00000023   EVENT35
00000024   EVENT36
00000025   EVENT37
00000026   EVENT38
00000027   EVENT39
00000004   EVENT4
00000028   EVENT40
00000029   EVENT41
0000002a   EVENT42
0000002b   EVENT43
0000002c   EVENT44
0000002d   EVENT45
0000002e   EVENT46
0000002f   EVENT47
00000030   EVENT48
00000031   EVENT49
00000005   EVENT5
00000032   EVENT50
00000033   EVENT51
00000034   EVENT52
00000035   EVENT53
00000036   EVENT54
00000037   EVENT55
00000038   EVENT56
00000039   EVENT57
0000003a   EVENT58
0000003b   EVENT59
00000006   EVENT6
0000003c   EVENT60
0000003d   EVENT61
0000003e   EVENT62
0000003f   EVENT63
00000040   EVENT64
00000041   EVENT65
00000042   EVENT66
00000043   EVENT67
00000044   EVENT68
00000045   EVENT69
00000007   EVENT7
00000046   EVENT70
00000047   EVENT71
00000048   EVENT72
00000049   EVENT73
0000004a   EVENT74
0000004b   EVENT75
0000004c   EVENT76
0000004d   EVENT77
0000004e   EVENT78
0000004f   EVENT79
00000008   EVENT8
00000050   EVENT80
00000051   EVENT81
00000052   EVENT82
00000053   EVENT83
00000054   EVENT84
00000055   EVENT85
00000056   EVENT86
00000057   EVENT87
00000058   EVENT88
00000059   EVENT89
00000009   EVENT9
0000005a   EVENT90
0000005b   EVENT91
0000005c   EVENT92
0000005d   EVENT93
0000005e   EVENT94
0000005f   EVENT95
00000060   EVENT96
00000061   EVENT97
00000062   EVENT98
00000063   EVENT99
ffffffff   EXTCODE
204a9aa4   EXTMEM
2025ba00   EXTMEM$B
00200000   EXTMEM$L
20250dc0   FXN_F_nop
20250dc4   FXN_F_run
20250e00   FXN_F_zero
00000001   GBL$
00005204   GBL_A_VERSION
11000000   GBL_BCACHEREADADDR0
00000000   GBL_BCACHEREADADDR1
00000000   GBL_BCACHEREADADDR2
00000000   GBL_BIGENDIAN
00000000   GBL_CACHE
00000000   GBL_CALLCSLCFGINIT
00004e20   GBL_CLKIN
00000d66   GBL_CLKTYPE
00001963   GBL_DSPSUBTYPE
0000003e   GBL_DSPTYPE
00000000   GBL_ENABLEINST
00000000   GBL_ENABLE_SK
00000042   GBL_FOOTPRINT
0002bf20   GBL_FREQ
00000001   GBL_GEMTRUECOMPEN
00000003   GBL_L1DMODE
00000007   GBL_L1PMODE
00000001   GBL_L2CONFIGURE
00000000   GBL_L2MAR0_31
00000000   GBL_L2MAR128_159
00000000   GBL_L2MAR160_191
00000000   GBL_L2MAR192_223
00000000   GBL_L2MAR224_255
ffffffff   GBL_L2MAR32_63
ffffffff   GBL_L2MAR64_95
ffffffff   GBL_L2MAR96_127
00000002   GBL_L2MODE
00000000   GBL_NULL
00000000   GBL_PROCID
00000000   GBL_ROM
00000000   GBL_SUPPORTCSL
00004000   GBL_TRCMASKVALUE
00000000   GBL_USERINIT
20251400   GBL_USERINITFXN
00000001   GBL_boot
204aad88   GBL_initdone
2049ba00   GBL_stackbeg
2049f9ff   GBL_stackend
00000000   GIO$
20251400   GIO_CREATEFXN
20251400   GIO_DELETEFXN
20251400   GIO_PENDFXN
20251400   GIO_POSTFXN
00000001   HOOK$
00000000   HOOK_KNL
00000000   HOOK_KNLID
00000000   HST$
2025ba00   HST_A_TABBEG
2025ba00   HST_A_TABEND
00000000   HST_DSM
204a9aa4   HST_DSMBUFSEG
00000400   HST_DSMMEMSIZE
204a99ac   HST_D_chanmask
204a99b0   HST_D_tabbeg
204a99b4   HST_D_tabend
00000100   HST_MAXFRAMEALLOWED
00000000   HST_MAXFRAMESET
00000001   HST_NONE
00000000   HST_RTDX
00000001   HWI$
20254000   HWI_A_VECS
0000e000   HWI_CFGDISPATCHED
204a9c58   HWI_D_bss
204a9c5c   HWI_D_ccmask
204a9c48   HWI_D_spsave
00000001   HWI_ENABLE_EXC
2024b7e0   HWI_F_dispatch
00000000   HWI_GENERATE_RESET_VEC
0000000a   HWI_INT10
00000000   HWI_INT10$hwi
0000000b   HWI_INT11
00000000   HWI_INT11$hwi
0000000c   HWI_INT12
00000000   HWI_INT12$hwi
0000000d   HWI_INT13
00000000   HWI_INT13$hwi
0000000e   HWI_INT14
00000000   HWI_INT14$hwi
0000000f   HWI_INT15
00000000   HWI_INT15$hwi
00000004   HWI_INT4
00000000   HWI_INT4$hwi
00000005   HWI_INT5
00000000   HWI_INT5$hwi
00000006   HWI_INT6
00000000   HWI_INT6$hwi
00000007   HWI_INT7
00000000   HWI_INT7$hwi
00000008   HWI_INT8
00000000   HWI_INT8$hwi
00000009   HWI_INT9
00000000   HWI_INT9$hwi
07060504   HWI_INTRMUX1
0a0a0908   HWI_INTRMUX2
3433370b   HWI_INTRMUX3
00000001   HWI_NMI
00000000   HWI_NMI$hwi
00000000   HWI_POLARITYMASK
00000002   HWI_RESERVED0
00000000   HWI_RESERVED0$hwi
00000003   HWI_RESERVED1
00000000   HWI_RESERVED1$hwi
00000000   HWI_RESET
00000000   HWI_RESET$hwi
00000000   HWI_ZEROTAB
00000001   IDL$
204aad74   IDL_A_CALBEG
204aad68   IDL_A_TABBEG
00000000   IDL_CALIBRERROR
00000000   IDL_CALIBRFXN
204a9920   IDL_D_calbeg
204a991c   IDL_D_calibrate
204a9918   IDL_D_tabbeg
204aad70   IDL_END
204aad7c   IDL_END$
20251320   IDL_F_loop
00000000   IDL_USECLKIDLTIME
ffffffff   IRAM
00000001   ISRC$
2024f0f8   KNL_glue
204aac54   KNL_swi
00000001   KNL_swi$dorta
00000000   KNL_swi$ord
00000000   KNL_swi$pri
204aad40   KNL_swi$sts
204a9828   KNL_swi$sts$avgfmt
00000002   KNL_swi$sts$filter
00000001   KNL_swi$sts$filtmaxmult
00000001   KNL_swi$sts$filtsummult
204a9818   KNL_swi$sts$maxfmt
204aad3c   KNL_swi$sts$stsobj
204a9820   KNL_swi$sts$sumfmt
00000000   KNL_swi$sts$unittype
00000000   KNL_swi$swi
204a9aa8   L1DSRAM
10f04000   L1DSRAM$B
00010000   L1DSRAM$L
00000001   LCK$
00000001   LOG$
204aa590   LOG_A_TABBEG
204aa5f0   LOG_A_TABEND
00000004   LOG_A_TABLEN
204a9924   LOG_D_system
00000001   LOG_ENABLED
20250420   LOG_F_event
204aa5d8   LOG_multimedia
204a1f00   LOG_multimedia$buf
00000002   LOG_multimedia$datatype
204a984c   LOG_multimedia$fmtstr
00000000   LOG_multimedia$log
00000040   LOG_multimedia$size
204aa590   LOG_system
204aa800   LOG_system$buf
00000000   LOG_system$datatype
00000000   LOG_system$log
00000040   LOG_system$size
00000000   MBX$
00000001   MEM$
204a9aa4   MEM_MALLOCSEG
00000000   MEM_NULL
204a9aa4   MEM_SEGZERO
00000000   MEM_USEMPC
00000003   MEM_gNumHeap
00000000   MSGQ$
00000000   MSGQ_USEMSGQ
00000000   OBJ$
00015555   PDCCMD_GEMPDMASK
00000000   PIP$
2025ba00   PIP_A_TABBEG
00000000   PIP_A_TABLEN
204a9928   PIP_D_tabbeg
204a992c   PIP_D_tablen
00000064   PIP_OBJSIZE
00000000   PIP_gNextId
00000000   PIP_gNumEmbed
00000000   POOL$
00000000   POOL_USEPOOL
00000001   PRD$
2025ba00   PRD_A_TABBEG
00000000   PRD_A_TABLEN
204a9968   PRD_D_cur
204a996c   PRD_D_elapsed
204a9970   PRD_D_prevtim
204a9974   PRD_D_scalar
204a9978   PRD_D_swihandle
204a997c   PRD_D_tabbeg
204a9980   PRD_D_tablen
204a9984   PRD_D_thook
204a9964   PRD_D_tick
2024c520   PRD_F_swi
2024c7a0   PRD_F_tick
00000001   PRD_SCALAR
00000000   PRD_SWIHANDLE
2024e16c   PRD_THOOKFXN
204aad8c   PRD_clock
00000001   PWRM$
00000a08   PWRM_PWRM_CAPSMASK
0000000a   PWRM_PWRM_CLKTICKSPERSLOT
00000001   PWRM_PWRM_ENABLE
00000001   PWRM_PWRM_LOADENABLE
0000000c   PWRM_PWRM_NUMSLOTS
00000001   PWRM_PWRM_RESOURCETRACKING
00000001   PWRM_PWRM_SCALING
202326cc   PWRM_PWRM_SHAREDRESOURCEFXN
20251be4   PWRM_PWRM_SLOTHOOKFXN
00000006   PWRM_PWRM_TIMERIDNUM
00008000   PWRM_PWRM_TIMERINTRMASK
00000080   PWRM_PWRM_TIMERWUGENMASK
00000001   PWRM_PWRM_USERRESOURCES
00000001   PWRM_PWRM_USETIMER
204aad68   PWRM_idleCPU
204aad74   PWRM_idleCPU$
204aac80   PWRM_loadSwi
00000001   PWRM_loadSwi$dorta
00000000   PWRM_loadSwi$ord
00000005   PWRM_loadSwi$pri
204aad50   PWRM_loadSwi$sts
204a9842   PWRM_loadSwi$sts$avgfmt
00000002   PWRM_loadSwi$sts$filter
00000001   PWRM_loadSwi$sts$filtmaxmult
00000001   PWRM_loadSwi$sts$filtsummult
204a9832   PWRM_loadSwi$sts$maxfmt
204aad4c   PWRM_loadSwi$sts$stsobj
204a983a   PWRM_loadSwi$sts$sumfmt
00000000   PWRM_loadSwi$sts$unittype
00000000   PWRM_loadSwi$swi
00000001   QUE$
204a9988   RTA_D_fromHost
204a9990   RTA_D_logval
204a99a0   RTA_D_stsval
204a998c   RTA_D_toHost
00000000   RTDX$
00000408   RTDX_BUFMEMSIZE
204a9aa4   RTDX_DATAMEMSEG
00000000   RTDX_MODE
00000000   RTDX_USERTDX
00000000   RTDX_USERTEXECUTION
00000001   SEM$
204aacf0   SEM_BPWRmutex
ffffffff   SHMMEM
204a9aac   SHMSEG0
11009000   SHMSEG0$B
00001000   SHMSEG0$L
ffffffff   SHMSEG0_GPP
00000000   SIO$
00000000   STS$
204aad3c   STS_A_TABBEG
20250c6c   STS_F_add
20250c40   STS_F_delta
20250c88   STS_F_reset
00000001   SWI$
204aac54   SWI_A_TABBEG
204aacac   SWI_A_TABEND
00000002   SWI_A_TABLEN
204a99fc   SWI_D_curfxn
204a99ec   SWI_D_curmask
204a99f8   SWI_D_curmbox
204a99f0   SWI_D_curset
204a99e8   SWI_D_execaddr
204a9a04   SWI_D_inswi
204a99f4   SWI_D_lock
204a9a00   SWI_D_rdybeg
204a9a08   SWI_D_rdytab
204a99e4   SWI_D_runaddr
00000000   SWI_EHOOKFXN
2024bea4   SWI_EXECFXN
2024bcc0   SWI_F_enable
2024bea4   SWI_F_exec
2024becc   SWI_F_iexec
2024bd30   SWI_F_post
2024bf4c   SWI_F_run
00000000   SWI_IHOOKFXN
2024bf4c   SWI_RUNFXN
00000001   SYS$
204aa5f0   SYS$config
202404c0   SYS_ABORTFXN
2023c460   SYS_ERRORFXN
202512e0   SYS_EXITFXN
2023cc20   SYS_PUTCFXN
204aa90c   TERMINATE_TSK
00000000   TERMINATE_TSK$ord
0000000f   TERMINATE_TSK$pri
204aa190   TERMINATE_TSK$stack
204aa528   TERMINATE_TSK$stkptr
00000000   TERMINATE_TSK$tsk
00000008   TIOMAP3430SHM_maxMessages
204aad84   TRC_R_mask
204aad80   TRC_cinit
00000001   TSK$
00000002   TSK_NUM_HOOKS
00000001   TSK_PRIORITY
00000000   TSK_READYFXN
204a9aa4   TSK_STACKSEG
00000400   TSK_STACKSIZE
00000000   TSK_SWITCHFXN
2024d960   TSK_VCREATEFXN
2024d90c   TSK_VDELETEFXN
2024d8c0   TSK_VEXITFXN
204aa974   TSK_dispatcher
00000000   TSK_dispatcher$ord
00000007   TSK_dispatcher$pri
204a30e0   TSK_dispatcher$stack
204a5078   TSK_dispatcher$stkptr
00000000   TSK_dispatcher$tsk
204aa9dc   TSK_idle
00000000   TSK_idle$ord
00000000   TSK_idle$pri
204a50e0   TSK_idle$stack
204a7078   TSK_idle$stkptr
00000000   TSK_idle$tsk
00000001   UDEV$
204aac18   UDEV_acdn$device
204aac0c   UDEV_acdn$obj
204aabac   UDEV_codec$device
204aaba0   UDEV_codec$obj
204aab64   UDEV_dbpipe$device
204aab58   UDEV_dbpipe$obj
204aab88   UDEV_eteedn$device
204aab7c   UDEV_eteedn$obj
204aac3c   UDEV_host$device
204aac30   UDEV_host$obj
204aabd0   UDEV_mixer$device
204aabc4   UDEV_mixer$obj
204aabf4   UDEV_mmmdn$device
204aabe8   UDEV_mmmdn$obj
202200e8   _ACDN_AEC_NS_checkparams
2021ff8c   _ACDN_AEC_NS_create
2021fef4   _ACDN_AEC_NS_ctrl
2021fe88   _ACDN_AEC_NS_delete
2021fd2c   _ACDN_AEC_NS_execute
2021fd00   _ACDN_AEC_NS_reset
2021faa4   _ACDN_AlgParamsUpdate
202206b8   _ACDN_COMP_checkparams
20220610   _ACDN_COMP_create
202205b0   _ACDN_COMP_ctrl
20220560   _ACDN_COMP_delete
20220484   _ACDN_COMP_execute
20220460   _ACDN_COMP_reset
2021fa6c   _ACDN_DMM_Access_Checking
20220438   _ACDN_EQ_checkparams
20220310   _ACDN_EQ_create
20220288   _ACDN_EQ_ctrl
20220234   _ACDN_EQ_delete
20220124   _ACDN_EQ_execute
20220100   _ACDN_EQ_reset
204a7738   _ACDN_FXNS
20220934   _ACDN_NS_checkparams
2022088c   _ACDN_NS_create
2022082c   _ACDN_NS_ctrl
202207d8   _ACDN_NS_delete
20220704   _ACDN_NS_execute
202206e0   _ACDN_NS_reset
2021f6f4   _ACDN_acoustic_chain_create
2021f060   _ACDN_acoustic_chain_ctrl
2021eff0   _ACDN_acoustic_chain_delete
2021eec0   _ACDN_acoustic_chain_execute
2021ee8c   _ACDN_init
204a8778   _ACPY3_PROTOCOL
204a876c   _ACPY3_QDMA
202368a0   _ACPY3_activate
2023f760   _ACPY3_complete
2023f300   _ACPY3_completeLinked
2023b640   _ACPY3_configure
20240640   _ACPY3_deactivate
204a876a   _ACPY3_dirtyBitsOff
20241ba0   _ACPY3_exit
20241bc0   _ACPY3_fastConfigure16b
20241be0   _ACPY3_fastConfigure32b
20241c00   _ACPY3_init
204a8768   _ACPY3_inlineCompatibilityKey_01
20238840   _ACPY3_setFinal
20238a40   _ACPY3_start
2023f800   _ACPY3_wait
204a7758   _ADN_FXNS
2022734c   _ADN_init
202509c0   _ATM_andi
202509c0   _ATM_andu
202509d0   _ATM_cleari
202509d0   _ATM_clearu
202509e0   _ATM_deci
202509e0   _ATM_decu
202509f0   _ATM_inci
202509f0   _ATM_incu
20250a04   _ATM_ori
20250a04   _ATM_oru
20250a14   _ATM_seti
20250a14   _ATM_setu
204a75ac   _AVSYNC_NOTIFY
2024f6b4   _BCACHE_bootInit
2024f734   _BCACHE_getMar
2024f6e4   _BCACHE_getSize
2024fcf0   _BCACHE_inv
20250ab0   _BCACHE_invL1pAll
2024f6b4   _BCACHE_setCacheToSram
2024f664   _BCACHE_setMar
2024f620   _BCACHE_setSize
20250ac0   _BCACHE_wait
2024fce0   _BCACHE_wb
20250aa0   _BCACHE_wbAll
2024fccc   _BCACHE_wbInv
20250a8c   _BCACHE_wbInvAll
20251f80   _BIOS_init
202522c8   _BIOS_start
20231820   _BPWR_disableExtClock
20231664   _BPWR_enableExtClock
20251768   _BPWR_evaluateSetpoint
202315a0   _BPWR_init
20251988   _BPWR_setMaxSetpoint
2025164c   _BPWR_setpointEvent
204a9c90   _BPWR_sleepDSPSWI
00000010   _BRIDGEINIT_BIOSGPTIMER
204a94bc   _BRIDGEINIT_DSP_FREQ
204a94c8   _BRIDGEINIT_DSP_INACTIVITYTIMER_HIB
204a94c4   _BRIDGEINIT_DSP_INACTIVITYTIMER_RET
204a94c0   _BRIDGEINIT_DSP_MBXID
00000011   _BRIDGEINIT_LOADMON_GPTIMER
204a92f8   _BRIDGEINIT_RELAXATION_ALPHA
1100c01c   _BRIDGE_SYS_PUTC_current
ffffffff   _BRIDGE_TRACE
1100b000   _BRIDGE_TRACE_BEG
1100ffff   _BRIDGE_TRACE_END
00000001   _BRIDGE_configHook
20240e94   _BRIDGE_init
2023f70c   _BRIDGE_initCfg
2025126c   _C62_clearIFR
20251240   _C62_disableIER
2024ddc8   _C62_dispatchPlug
20251258   _C62_enableIER
2024ddc0   _C62_plug
2025126c   _C64_clearIFR
20251240   _C64_disableIER
2024ddc8   _C64_dispatchPlug
20251258   _C64_enableIER
2024ddc0   _C64_plug
ffffffff   _CACHE_L1D
ffffffff   _CACHE_L1P
ffffffff   _CACHE_L2
20211c14   _CDN_IsrProcess
20211bac   _CDN_LoadNextFrame
20211ba0   _CDN_PostProcess
20211b44   _CDN_close
202117d4   _CDN_ctrl
202114a0   _CDN_idle
20211338   _CDN_issue
20211220   _CDN_open
202111d8   _CDN_ready
20211100   _CDN_reclaim
0002bf20   _CLK_COUNTSPMS
204a9ce4   _CLK_DFLTMICROSECS
204a9960   _CLK_D_countspms
204a9954   _CLK_D_dirty
204a9ce8   _CLK_D_microseconds
204a9958   _CLK_D_prd
204a995c   _CLK_D_tddr
2024ebe0   _CLK_F_itime
00000020   _CLK_PRD
11800000   _CLK_REGS
00000000   _CLK_TDDR
00000000   _CLK_TIMERNUM
00000001   _CLK_USETIMER
20251360   _CLK_countspms
202514e0   _CLK_gethtime
202512c0   _CLK_getltime
20251340   _CLK_getprd
11800000   _CLK_gptimer
204a8954   _CLK_gptimer_enablemask
204a9944   _CLK_htimeDiv
204a9948   _CLK_htimeMult
204a9cfc   _CLK_htimePerLtime
204a851c   _CLK_inputClock
2024ebe0   _CLK_itime
204a994c   _CLK_ltimeDiv
204a9950   _CLK_ltimeMult
2024f78c   _CLK_reconfig
2024dc24   _CLK_start
2024dbc0   _CLK_stop
204a89ac   _CODEC0_DMA_INPUT_HWSETUP
204a899c   _CODEC0_DMA_INPUT_PROPERTIES
204a8998   _CODEC0_DMA_OUTPUT_HWSETUP
204a8988   _CODEC0_DMA_OUTPUT_PROPERTIES
204a8960   _CODEC0_McBSP_INPUT_HWSETUP
204a8958   _CODEC0_McBSP_INPUT_PROPERTIES
204a8978   _CODEC0_McBSP_OUTPUT_HWSETUP
204a8970   _CODEC0_McBSP_OUTPUT_PROPERTIES
204a8a04   _CODEC1_DMA_INPUT_HWSETUP
204a89f4   _CODEC1_DMA_INPUT_PROPERTIES
204a89f0   _CODEC1_DMA_OUTPUT_HWSETUP
204a89e0   _CODEC1_DMA_OUTPUT_PROPERTIES
204a89b8   _CODEC1_McBSP_INPUT_HWSETUP
204a89b0   _CODEC1_McBSP_INPUT_PROPERTIES
204a89d0   _CODEC1_McBSP_OUTPUT_HWSETUP
204a89c8   _CODEC1_McBSP_OUTPUT_PROPERTIES
204a8a5c   _CODEC2_DMA_INPUT_HWSETUP
204a8a4c   _CODEC2_DMA_INPUT_PROPERTIES
204a8a48   _CODEC2_DMA_OUTPUT_HWSETUP
204a8a38   _CODEC2_DMA_OUTPUT_PROPERTIES
204a8a10   _CODEC2_McBSP_INPUT_HWSETUP
204a8a08   _CODEC2_McBSP_INPUT_PROPERTIES
204a8a28   _CODEC2_McBSP_OUTPUT_HWSETUP
204a8a20   _CODEC2_McBSP_OUTPUT_PROPERTIES
204a8ab4   _CODEC3_DMA_INPUT_HWSETUP
204a8aa4   _CODEC3_DMA_INPUT_PROPERTIES
204a8aa0   _CODEC3_DMA_OUTPUT_HWSETUP
204a8a90   _CODEC3_DMA_OUTPUT_PROPERTIES
204a8a68   _CODEC3_McBSP_INPUT_HWSETUP
204a8a60   _CODEC3_McBSP_INPUT_PROPERTIES
204a8a80   _CODEC3_McBSP_OUTPUT_HWSETUP
204a8a78   _CODEC3_McBSP_OUTPUT_PROPERTIES
204a8b0c   _CODEC4_DMA_INPUT_HWSETUP
204a8afc   _CODEC4_DMA_INPUT_PROPERTIES
204a8ae8   _CODEC4_DMA_OUTPUT_HWSETUP
204a8ad8   _CODEC4_DMA_OUTPUT_PROPERTIES
204a8ac0   _CODEC4_McBSP_INPUT_HWSETUP
204a8ab8   _CODEC4_McBSP_INPUT_PROPERTIES
204a8aec   _CODEC4_McBSP_OUTPUT_HWSETUP
204a8ad0   _CODEC4_McBSP_OUTPUT_PROPERTIES
202254ec   _Client_Control
20224aac   _Client_Create
2022424c   _Client_Delete
20223e6c   _Client_Feed
202239a4   _Client_Gather
20222ee0   _Client_Idle
20222c24   _Client_Pre_Ready
20222850   _Client_Pre_Reclaim
20222580   _Client_Resource
204a9ccc   _CurrentFreq
20200220   _DASFTASK_TI_create
20200260   _DASFTASK_TI_delete
20200000   _DASFTASK_TI_execute
204a8810   _DBP_FXNS
2022fe44   _DBP_init
20241560   _DCLK_milliseconds
204a88a8   _DEV_ATTRS
204a8950   _DEV_D_devinit
2024cbc0   _DEV_createDevice
2024fd00   _DEV_deleteDevice
204a9ab0   _DEV_devinit
202511c0   _DEV_ebadio
2024fec0   _DEV_find
20252de0   _DEV_init
20250040   _DEV_match
202501a0   _DEV_mkframe
20250d60   _DEV_rmframe
01c00000   _DMAN3_EDMA3BASE
204a7d00   _DMAN3_PARAMS
2023bd00   _DMAN3_createChannels
2023bbc0   _DMAN3_exit
20238c40   _DMAN3_freeChannels
20235240   _DMAN3_grantDmaChannels
20241c20   _DMAN3_init
2023f6e0   _DMAN3_initParams
204a7ce0   _DMAN3_qdmaChannels
2023d020   _DMAN3_releaseDmaChannels
20210c4c   _DMA_ConfigureFirst
202100b4   _DMA_ConfigureNext
202104b8   _DMA_ConfigureRemain
2020fea0   _DMA_ConfigureSingle
20210c34   _DMA_ControlPowerFifo
20210ad4   _DMA_Create
20210a60   _DMA_Delete
20210a08   _DMA_Disable
202109b4   _DMA_Enable
20210350   _DMA_InterruptClear
20210928   _DMA_InterruptDisable
2021088c   _DMA_InterruptEnable
2020fd88   _DMA_InterruptPendStatus
2020fd80   _DMA_SetFrequency
[...]
2024e344   _EXC_setReturnPtr
2024e360   _MEM_alloc
2024e540   __SEM_dopost
2024e700   _TSK_delete
2024e9f0   _TSK_setpri
2024ea80   CLK_F_getltime
2024ea90   CLK_F_isr
2024ebe0   CLK_F_itime
2024ebe0   _CLK_F_itime
2024ebe0   _CLK_itime
2024ebfc   __CLK_lat1beg
2024ec20   __CLK_lat1end
2024ec40   _MEM_free
2024ee00   _TSK_setup
2024efa0   _KNL_saveIsrFrame
2024f04c   _KNL_switch
2024f0f8   KNL_glue
2024f120   _TSK_exit
2024f260   __auto_init
2024f3a0   _MEM_stat
2024f4e0   _KNL_ready
2024f620   _BCACHE_setSize
2024f664   _BCACHE_setMar
2024f6b4   _BCACHE_bootInit
2024f6b4   _BCACHE_setCacheToSram
2024f6e4   _BCACHE_getSize
2024f734   _BCACHE_getMar
2024f78c   _CLK_reconfig
2024f904   _GBL_cacheInit64P
2024fa64   _TSK_startup
2024fae0   _KNL_check
2024fb2c   __KNL_lat1beg
2024fba8   _KNL_idle
2024fba8   __KNL_lat1end
2024fbd0   _KNL_max
2024fccc   _BCACHE_wbInv
2024fce0   _BCACHE_wb
2024fcf0   _BCACHE_inv
2024fd00   _DEV_deleteDevice
2024fde0   _SEM_post
2024fde0   _SEM_postBinary
2024fec0   _DEV_find
2024ff80   _KNL_exit
2024ffc0   _KNL_enter
20250040   _DEV_match
20250100   _KNL_start
202501a0   _DEV_mkframe
20250240   _SWI_setattrs
202502e0   _SYS_exit
20250380   _SEM_postEnterKnl
20250420   LOG_F_event
20250420   _LOG_event
20250420   __LOG_lat1beg
202504c0   _SWI_create
20250540   _SEM_ipost
202505c0   _KNL_post
20250640   _KNL_ipost
202506c0   _LCK_post
202506e0   _LCK_pend
20250740   _OBJ_create
202507c0   _SEM_create
20250840   _HWI_eventMap
202508c0   _TSK_enable
202508e4   _TSK_disable
20250940   _HWI_dispatchPlug
202509c0   _ATM_andi
202509c0   _ATM_andu
202509d0   _ATM_cleari
202509d0   _ATM_clearu
202509e0   _ATM_deci
202509e0   _ATM_decu
202509f0   _ATM_inci
202509f0   _ATM_incu
20250a04   _ATM_ori
20250a04   _ATM_oru
20250a14   _ATM_seti
20250a14   _ATM_setu
20250a8c   _BCACHE_wbInvAll
20250aa0   _BCACHE_wbAll
20250ab0   _BCACHE_invL1pAll
20250ac0   _BCACHE_wait
20250b40   _LOG_event5
20250bc0   __PWRM_F_idleGem
20250c40   STS_F_delta
20250c40   _STS_delta
20250c6c   STS_F_add
20250c6c   _STS_add
20250c88   STS_F_reset
20250c88   _STS_reset
20250ca0   _HWI_disable
20250cb8   _HWI_enable
20250ccc   _HWI_restore
20250d00   _SEM_pend
20250d60   _DEV_rmframe
20250dc0   FXN_F_nop
20250dc4   FXN_F_run
20250dc4   _FXN_F_run
20250e00   FXN_F_zero
20250e00   _FXN_F_zero
20250e20   _SWI_andn
20250e20   _SWI_andnHook
20250e80   _SWI_disable
20250ea4   _SWI_enable
20250ee0   _SYS_abort
20250f40   _OBJ_delete
20250fa0   __PWRM_errata3430_1_126
20251000   _MEM_valloc
20251060   _SYS_error
202510c0   __TSK_getenv
20251100   _QUE_get
20251100   __QUE_lat1beg
20251120   __QUE_lat1end
20251128   _QUE_put
20251128   __QUE_lat2beg
20251134   __QUE_lat2end
20251140   _SWI_or
20251140   _SWI_orHook
20251180   _QUE_create
202511c0   _DEV_ebadio
20251200   _SWI_inc
20251240   _C62_disableIER
20251240   _C64_disableIER
20251258   _C62_enableIER
20251258   _C64_enableIER
2025126c   _C62_clearIFR
2025126c   _C64_clearIFR
20251280   __PWRM_doIdle
202512a4   __PWRM_readTSC
202512b0   __PWRM_startTSC
202512c0   _CLK_getltime
202512e0   SYS_EXITFXN
202512e0   _UTL_halt
20251300   _SWI_self
20251320   IDL_F_loop
20251320   _IDL_loop
20251340   _CLK_getprd
20251360   _CLK_countspms
20251380   _SYS_zero
20251388   _SYS_one
202513a0   _LOG_printf
202513c0   _STS_set
202513e0   _HOOK_getenv
20251400   GBL_USERINITFXN
20251400   GIO_CREATEFXN
20251400   GIO_DELETEFXN
20251400   GIO_PENDFXN
20251400   GIO_POSTFXN
20251400   _FXN_F_nop
20251420   _SWI_delete
20251440   _SWI_getmbox
20251460   _HOOK_setenv
20251480   _GBL_getVersion
202514a0   _TSK_setenv
202514c0   _SEM_delete
202514e0   CLK_TIMEFXN
202514e0   _CLK_gethtime
20251500   __BPWR_initSetpoints
2025164c   _BPWR_setpointEvent
20251768   _BPWR_evaluateSetpoint
20251988   _BPWR_setMaxSetpoint
20251ac0   __BPWR_setupPrediction
20251be4   PWRM_PWRM_SLOTHOOKFXN
20251be4   __BPWR_predictor
20251f80   BIOS_init
20251f80   _BIOS_init
202522c8   BIOS_start
202522c8   _BIOS_start
20252360   _SHM_init
20252568   _SHM_isr
2025258c   _SHM_stub
20252690   _SHM_initEMIF
202526a0   __BPWR_sleepSWI
202529e0   _DSM_service
20252c00   _PWR_event
20252de0   _DEV_init
20252f00   _PWR_idleCPUDomain
20252f10   _PWR_idlePreprocess
20253020   _c_int00
202530e0   _MEM_init
20253180   __HOOK_doInit
20253200   _TSK_init
20253260   _OBJ_init
20253280   __PWRM_initialize
202532a0   _SyncClock_Start
202532e8   _SyncClock_Stop
202532f8   _SyncClock_setState
202534cc   _SyncClock_setRelTime
20253640   _SyncClock_reset
20253808   _SyncClock_removeStream
20253958   _SyncClock_init
20253aa0   _SyncClock_exit
20253ac8   _SyncClock_Notify
20253ae0   _SYNCCLOCK_TI_create
20253c80   _SYNCCLOCK_TI_execute
20253dc0   _SYNCCLOCK_TI_delete
20254000   HWI_A_VECS
20254000   hwi0
20254020   hwi1
20254040   hwi2
20254060   hwi3
20254080   hwi4
202540a0   hwi5
202540c0   hwi6
202540e0   hwi7
20254100   hwi8
20254120   hwi9
20254140   hwi10
20254160   hwi11
20254180   hwi12
202541a0   hwi13
202541c0   hwi14
202541e0   hwi15
20254200   _HAL_TimerGetBaseAddress
2025426c   _HAL_TimerWrite
20254284   _HAL_TimerStop
202542ac   _HAL_TimerStart
202542cc   _HAL_TimerRestart
20254320   _HAL_TimerRead
20254330   _HAL_TimerInterruptStatus
20254344   _HAL_TimerInterruptClear
20254354   _HAL_TimerConfigure
2025ba00   .data
2025ba00   EXTMEM$B
2025ba00   HST_A_TABBEG
2025ba00   HST_A_TABEND
2025ba00   PIP_A_TABBEG
2025ba00   PRD_A_TABBEG
2025ba00   _EXTMEM_base
2025ba00   ___data__
2025ba00   ___edata__
2025ba00   edata
2045ba00   __PWRM_saveBase
2049ba00   GBL_stackbeg
2049ba00   _HWI_STKTOP
2049ba00   __stack
2049f9f8   _HWI_STKBOTTOM
2049f9ff   GBL_stackend
2049fa00   ___cinit__
2049fa00   cinit
204a1e80   trace$buf
204a1f00   LOG_multimedia$buf
204a2000   __PWRM_restore
204a202c   __PWRM_restoreHeader
204a2148   __PWRM_mmuCtxBuf
204a2148   __PWRM_restoreHeaderEnd
204a2290   __PWRM_mmuCtxBufEnd
204a30e0   TSK_dispatcher$stack
204a5078   TSK_dispatcher$stkptr
204a50e0   TSK_idle$stack
204a7078   TSK_idle$stkptr
204a70e0   _delayBD
204a70e2   _delayBDMax
204a70e4   _MBCDN_FXNS
204a7100   _MBCDN_Global
204a727c   _MBCDN_InitFrequency
204a7284   _McBSP_initState
204a7286   _McBSP_activeState
204a7288   _HAL_MCBSP_RX_DATA_DEFAULT
204a72b0   _HAL_MCBSP_RX_DATA_PCM
204a72d8   _HAL_MCBSP_TX_DATA_DEFAULT
204a7300   _HAL_MCBSP_TX_DATA_PCM
204a7328   _HAL_MCBSP_GLOBAL_DEFAULT
204a7334   _HAL_MCBSP_GLOBAL_PCM
204a7340   _HAL_MCBSP_CLOCK_DEFAULT
204a7378   _HAL_MCBSP_CLOCK_PCM
204a73b0   _HAL_MCBSP_RX_EXTEND_DEFAULT
204a73b6   _HAL_MCBSP_TX_EXTEND_DEFAULT
204a73bc   _HAL_MCBSP_RX_EXTEND_PCM
204a73c2   _HAL_MCBSP_TX_EXTEND_PCM
204a73c8   _bDMAInterruptReady
204a73cc   _DMA_isrList
204a73d0   _HAL_EDMA_OPTION_PARAM_DEFAULT
204a73e8   _MDN_FXNS
204a7404   _tgMixerInternalStructure
204a75ac   _AVSYNC_NOTIFY
204a75b8   _ptSRC_MODE_PARAMS
204a7678   _MMMixer_ID
204a767c   _MMMixer_Params
204a76cc   _Teedn_ID
204a76d0   _Teedn_Params
204a7720   _tgACDNInternalObj
204a7738   _ACDN_FXNS
204a7758   _ADN_FXNS
204a7774   _gAvsyncNotify
204a7780   _gAvsyncLoaded
204a7782   _gAvsyncReady
204a7784   _gAvsyncTimerGranted
204a7786   _loadmonStopped
204a7788   __ftable
204a7878   __tmpnams
204a7918   __ft_end
204a7ab0   _dspLoadMonResId
204a7ab4   _dspGlobalIdleFlag
204a7ab8   _sleepArgsNormal
204a7ac0   _sleepArgsMbWakeupOnly
204a7ad0   __prcmRegs
204a7af0   __clockOmap243x
204a7b78   __BPWR_clockDef
204a7c14   _QUE_ATTRS
204a7c18   _NODE_config
204a7c20   _NODE
204a7c24   _SHM_confBufSize
204a7c28   _SHM_maxMessages
204a7c2c   _DSM_config
204a7c34   _DSM_params
204a7c38   _DSKT2_cacheWBInvFxn
204a7c40   __DSKT2_DARAM_SCRATCH_SIZES
204a7c90   __DSKT2_SARAM_SCRATCH_SIZES
204a7ce0   _DMAN3_qdmaChannels
204a7d00   _DMAN3_PARAMS
204a7e98   __DMAN3_tccAllocationTable
204a7ed8   __DMAN3_numAssignedTccs
204a7edc   __DMAN3_heapInt
204a7ee0   __DMAN3_heapExt
204a7ee4   __DMAN3_heapIdma3
204a7ee8   __DMAN3_numTccGroup
204a7f00   __DMAN3_numPaRamGroup
204a7f28   __DMAN3_groupContext
204a7f78   __DMAN3_rmmTccs
204a7f7c   __DMAN3_rmmPaRams
204a7f80   __DMAN3_allocScratch
204a7f84   __DMAN3_freeScratch
204a7f88   _KNL_queues
204a8028   _KNL_dummy
204a81fc   _MEM_ATTRS
204a8200   _PWRM_ATTRS
204a8208   _PWRM_notifyQueues
204a8258   _PWRM_delayCompletionFxns
204a8280   _PWRM_notifyWaitCount
204a8330   __cleanup_ptr
204a8334   __dtors_ptr
204a839c   __BCACHE_emifAddr
204a83a0   __PWRM_database
204a84c0   _TSK_ATTRS
204a84dc   _TSK_config
204a84fc   _TSK_timerSem
204a851c   _CLK_inputClock
204a8520   _OBJ_table
204a8558   _OBJ_segtab
204a8574   _MSG_toGPP
204a8590   _MSG_freeFramePool
204a8598   _MSG_freeFrameSem
204a8678   _SYS_errors
204a8718   __TSK_mutex
204a8740   _TMON_Init
204a8744   _TMON_ClientCount
204a8748   _TMON_RefClock
204a874c   _TMON_StoredValue
204a8750   _TMON_PowerObj
204a8760   _TMON_PowerHandle
204a8768   _ACPY3_inlineCompatibilityKey_01
204a876a   _ACPY3_dirtyBitsOff
204a876c   _ACPY3_QDMA
204a8778   _ACPY3_PROTOCOL
204a8788   _RMS_forceload
204a87ac   _MDN_PARAMS
204a87c0   _tMemStats
204a87d0   _SYS_exitStack
204a87f0   __ACPY3_qchLockTbl
204a8810   _DBP_FXNS
204a882c   _DSM_FXNS
204a8848   _pdState
204a8858   _DSP_INACTIVITYTIMER
204a885c   _DSP_RELAXATIONTIMER
204a8860   _tInstGlobal_Obj
204a8874   _SWI_ATTRS
204a8888   _STRM_ATTRS
204a8898   _EXC_status
204a88a8   _DEV_ATTRS
204a88d8   _reqState
204a88dc   _spState
204a88e0   _oldSetpoint
204a88fc   _oppParams
204a8900   _oppRequestType
204a8904   _loadMonValues
204a8908   _HWI_ATTRS
204a8914   __PWRM_resetLoad
204a8920   __BCACHE_readTable
204a892c   _errno
204a8930   __DSKT2_scratchDescTbl
204a8938   _SEM_ATTRS
204a8940   __lock
204a8944   __unlock
204a8950   _DEV_D_devinit
204a8954   _CLK_gptimer_enablemask
204a8958   _CODEC0_McBSP_INPUT_PROPERTIES
204a8960   _CODEC0_McBSP_INPUT_HWSETUP
204a8970   _CODEC0_McBSP_OUTPUT_PROPERTIES
204a8978   _CODEC0_McBSP_OUTPUT_HWSETUP
204a8988   _CODEC0_DMA_OUTPUT_PROPERTIES
204a8998   _CODEC0_DMA_OUTPUT_HWSETUP
204a899c   _CODEC0_DMA_INPUT_PROPERTIES
204a89ac   _CODEC0_DMA_INPUT_HWSETUP
204a89b0   _CODEC1_McBSP_INPUT_PROPERTIES
204a89b8   _CODEC1_McBSP_INPUT_HWSETUP
204a89c8   _CODEC1_McBSP_OUTPUT_PROPERTIES
204a89d0   _CODEC1_McBSP_OUTPUT_HWSETUP
204a89e0   _CODEC1_DMA_OUTPUT_PROPERTIES
204a89f0   _CODEC1_DMA_OUTPUT_HWSETUP
204a89f4   _CODEC1_DMA_INPUT_PROPERTIES
204a8a04   _CODEC1_DMA_INPUT_HWSETUP
204a8a08   _CODEC2_McBSP_INPUT_PROPERTIES
204a8a10   _CODEC2_McBSP_INPUT_HWSETUP
204a8a20   _CODEC2_McBSP_OUTPUT_PROPERTIES
204a8a28   _CODEC2_McBSP_OUTPUT_HWSETUP
204a8a38   _CODEC2_DMA_OUTPUT_PROPERTIES
204a8a48   _CODEC2_DMA_OUTPUT_HWSETUP
204a8a4c   _CODEC2_DMA_INPUT_PROPERTIES
204a8a5c   _CODEC2_DMA_INPUT_HWSETUP
204a8a60   _CODEC3_McBSP_INPUT_PROPERTIES
204a8a68   _CODEC3_McBSP_INPUT_HWSETUP
204a8a78   _CODEC3_McBSP_OUTPUT_PROPERTIES
204a8a80   _CODEC3_McBSP_OUTPUT_HWSETUP
204a8a90   _CODEC3_DMA_OUTPUT_PROPERTIES
204a8aa0   _CODEC3_DMA_OUTPUT_HWSETUP
204a8aa4   _CODEC3_DMA_INPUT_PROPERTIES
204a8ab4   _CODEC3_DMA_INPUT_HWSETUP
204a8ab8   _CODEC4_McBSP_INPUT_PROPERTIES
204a8ac0   _CODEC4_McBSP_INPUT_HWSETUP
204a8ad0   _CODEC4_McBSP_OUTPUT_PROPERTIES
204a8ad8   _CODEC4_DMA_OUTPUT_PROPERTIES
204a8ae8   _CODEC4_DMA_OUTPUT_HWSETUP
204a8aec   _CODEC4_McBSP_OUTPUT_HWSETUP
204a8afc   _CODEC4_DMA_INPUT_PROPERTIES
204a8b0c   _CODEC4_DMA_INPUT_HWSETUP
204a8b10   _MBCDN_Config
204a8bb0   _EdmaAuxXfrCntxt
204a8c98   _usMDNScalingFactor
204a8fd8   __ctypes_
204a92f8   _BRIDGEINIT_RELAXATION_ALPHA
204a94b0   _THRLOAD_CONFIG
204a94bc   _BRIDGEINIT_DSP_FREQ
204a94c0   _BRIDGEINIT_DSP_MBXID
204a94c4   _BRIDGEINIT_DSP_INACTIVITYTIMER_RET
204a94c8   _BRIDGEINIT_DSP_INACTIVITYTIMER_HIB
204a9818   $bss
204a9818   .bss
204a9818   KNL_swi$sts$maxfmt
204a9818   _HWI_dispatchTab
204a9818   ___bss__
204a9820   KNL_swi$sts$sumfmt
204a9828   KNL_swi$sts$avgfmt
204a9832   PWRM_loadSwi$sts$maxfmt
204a983a   PWRM_loadSwi$sts$sumfmt
204a9842   PWRM_loadSwi$sts$avgfmt
204a984c   LOG_multimedia$fmtstr
204a9918   IDL_D_tabbeg
204a991c   IDL_D_calibrate
204a9920   IDL_D_calbeg
204a9924   LOG_D_system
204a9924   _LOG_D_system
204a9928   PIP_D_tabbeg
204a992c   PIP_D_tablen
204a9930   CLK_R_time
204a9934   CLK_D_timefxn
204a9938   CLK_D_tabbeg
204a993c   CLK_D_isrhook
204a9940   CLK_D_idletime
204a9944   _CLK_htimeDiv
204a9948   _CLK_htimeMult
204a994c   _CLK_ltimeDiv
204a9950   _CLK_ltimeMult
204a9954   _CLK_D_dirty
204a9958   _CLK_D_prd
204a995c   _CLK_D_tddr
204a9960   _CLK_D_countspms
204a9964   PRD_D_tick
204a9964   _PRD_D_tick
204a9968   PRD_D_cur
204a996c   PRD_D_elapsed
204a9970   PRD_D_prevtim
204a9974   PRD_D_scalar
204a9978   PRD_D_swihandle
204a997c   PRD_D_tabbeg
204a9980   PRD_D_tablen
204a9984   PRD_D_thook
204a9988   RTA_D_fromHost
204a998c   RTA_D_toHost
204a9990   RTA_D_logval
204a99a0   RTA_D_stsval
204a99ac   HST_D_chanmask
204a99b0   HST_D_tabbeg
204a99b4   HST_D_tabend
204a99b8   _GBL_procId
204a99bc   _GBL_clkIn
204a99c0   _GBL_freq
204a99c4   _MEM_D_NUMSEGMENTS
204a99c8   _MEM_D_memtab
204a99cc   _MEM_D_freelist
204a99d0   _MEM_D_lockaddr
204a99d4   _MEM_D_unlockaddr
204a99d8   _SYS
204a99dc   __HOOK_knlId
204a99e0   __HOOK_NUMHOOKS
204a99e4   SWI_D_runaddr
204a99e4   _SWI_D_runaddr
204a99e4   _SWI_data
204a99e8   SWI_D_execaddr
204a99e8   _SWI_D_execaddr
204a99ec   SWI_D_curmask
204a99ec   _SWI_D_curmask
204a99f0   SWI_D_curset
204a99f0   _SWI_D_curset
204a99f4   SWI_D_lock
204a99f4   _SWI_D_lock
204a99f8   SWI_D_curmbox
204a99fc   SWI_D_curfxn
204a99fc   _SWI_D_curfxn
204a9a00   SWI_D_rdybeg
204a9a00   _SWI_D_rdybeg
204a9a04   SWI_D_inswi
204a9a04   _SWI_D_inswi
204a9a08   SWI_D_rdytab
204a9a80   _MEM_memtab
204a9aa4   EXTMEM
204a9aa4   HST_DSMBUFSEG
204a9aa4   MEM_MALLOCSEG
204a9aa4   MEM_SEGZERO
204a9aa4   RTDX_DATAMEMSEG
204a9aa4   TSK_STACKSEG
204a9aa4   _EXTMEM
204a9aa4   _EXT_HEAP
204a9aa4   __DSKT2_HEAP
204a9aa4   __DSKT_EPROG
204a9aa4   __DSKT_ESDATA
204a9aa4   __DSKT_EXTERNAL
204a9aa8   L1DSRAM
204a9aa8   _L1DSRAM
204a9aa8   _L1DSRAM_HEAP
204a9aa8   __DSKT_DARAM0
204a9aa8   __DSKT_DARAM1
204a9aa8   __DSKT_DARAM2
204a9aa8   __DSKT_IPROG
204a9aa8   __DSKT_SARAM0
204a9aa8   __DSKT_SARAM1
204a9aa8   __DSKT_SARAM2
204a9aac   SHMSEG0
204a9aac   _SHMSEG0
204a9aac   _SHMSEG0_HEAP
204a9ab0   _DEV_devinit
204a9ac8   __DEV_NUMINITFXNS
204a9acc   __HOOK_initFxnTable
204a9ad4   __HOOK_createFxnTable
204a9adc   __HOOK_deleteFxnTable
204a9ae4   __HOOK_exitFxnTable
204a9aec   __HOOK_readyFxnTable
204a9af4   __HOOK_switchFxnTable
204a9afc   _KNL_wFlag
204a9b00   _KNL_wList
204a9b04   _KNL_alarm
204a9b08   _KNL_setpri
204a9b0c   _KNL_inactive
204a9b10   _KNL_priority
204a9b14   _KNL_set
204a9b18   _KNL_curtask
204a9b1c   _KNL_prevtask
204a9b20   _KNL_curtime
204a9b24   _KNL_swiptr
204a9b28   _KNL_curqueue
204a9b2c   _KNL_maxqueue
204a9b30   _KNL_tswitchfxn
204a9b34   _KNL_tcreatefxn
204a9b38   _KNL_tdeletefxn
204a9b3c   _KNL_treadyfxn
204a9b40   _KNL_idlefxn
204a9b44   __PWRM_numSlots
204a9b48   __PWRM_ticksPerSlot
204a9b4c   __PWRM_timerIntr
204a9b50   __PWRM_timerInputClk
204a9b54   __PWRM_timerPeriod
204a9b58   __PWRM_slotArray
204a9b5c   __PWRM_SLOTHOOKFXN
204a9b60   __PWRM_loadSwi
204a9b64   __PWRM_doCpuLoadMonitor
204a9b68   __PWRM_resTimerId
204a9b6c   __PWRM_useTimer
204a9b8c   _SHM_memcpy
204a9b98   __PWRM_currentSP
204a9b9c   __PWRM_nextSP
204a9ba0   __PWRM_previousSP
204a9ba4   __PWRM_CAPSMASK
204a9ba8   __PWRM_busyStartTs
204a9bac   __PWRM_busyAcc
204a9bb0   __PWRM_idleFlag
204a9bb4   __PWRM_numUserRsrcs
204a9bb8   __PWRM_RTCALLOUTFXN
204a9bc0   _EXC_sysTrapTable
204a9bc8   _EXC_returnPtr
204a9be0   __DSKT2_memTabList
204a9be4   __DSKT2_activeAlg
204a9be8   __DSKT2_lastActiveAlg
204a9bec   __DSKT2_scratchShareRefCount
204a9bf0   __DSKT2_heapId
204a9bf4   __DSKT2_createCallbackFxn
204a9bfc   __PWRM_allowedSPmask
204a9c00   __PWRM_allowedSPpre
204a9c04   __PWRM_allowedSPpost
204a9c08   __PWRM_setpointArray
204a9c0c   __PWRM_maxSP
204a9c10   __PWRM_userRsrcArray
204a9c14   __PWRM_busy
204a9c18   _RMS_respStream
204a9c1c   _RMS_respBuffer
204a9c20   _RMS_dispatcherPriority
204a9c24   _RMS_msecPerTick
204a9c28   __RMS_freeSegs
204a9c2c   __RMS_numFreeSegs
204a9c30   __HOOK_switchFxnTablePtr
204a9c34   __HOOK_readyFxnTablePtr
204a9c38   __HOOK_initFxnTablePtr
204a9c3c   __HOOK_createFxnTablePtr
204a9c40   __HOOK_deleteFxnTablePtr
204a9c44   __HOOK_exitFxnTablePtr
204a9c48   HWI_D_spsave
204a9c48   _HWI_D_spsave
204a9c48   _HWI_data
204a9c54   _HWI_D_inhwi
204a9c58   HWI_D_bss
204a9c5c   HWI_D_ccmask
204a9c60   _MSG_toDSPSWI
204a9c64   _MSG_fromDSPSWI
204a9c68   _MSG_pfromDSPBuffer
204a9c6c   _MSG_ptoDSPBuffer
204a9c70   _MSG_maxMessages
204a9c74   __PWRM_activeSlot
204a9c78   __PWRM_recentSlot
204a9c7c   __PWRM_lastSlotTime
204a9c80   __PWRM_resetSync
204a9c84   __PWRM_slotTotalCycles
204a9c88   _dspResourceFlags
204a9c8c   _dspLoadMonGptResMask
204a9c90   _BPWR_sleepDSPSWI
204a9c94   __BPWR_clkNum
204a9c98   _EXC_exceptionHook
204a9c9c   _EXC_internalHook
204a9ca0   _EXC_externalHook
204a9ca4   _EXC_nmiHook
204a9ca8   _TSK_nTasks
204a9cac   _TSK_pid
204a9cb0   _TSK
204a9cc0   _SHM_dataSWI
204a9cc4   _SHM_callback
204a9ccc   _CurrentFreq
204a9cd0   _MaxFreq
204a9cd4   _KillTaskNodeEnvPtr
204a9cd8   _termtsk_sem
204a9cdc   _SYS_exitStackPtr
204a9ce0   _SYS_exitStackTop
204a9ce4   _CLK_DFLTMICROSECS
204a9ce8   _CLK_D_microseconds
204a9cec   _psm
204a9cf0   _LOG_ptrIdle
204a9cf4   __DEV_D_NUMINITFXNS
204a9cfc   _CLK_htimePerLtime
204a9d00   _MEM
204a9d08   _MEM_staticMemtab
204a9d0c   __PWRM_resourceIDCLK
204a9d10   __PWRM_DATABASE
204a9d14   ___end__
204a9d14   end
204aa190   TERMINATE_TSK$stack
204aa528   TERMINATE_TSK$stkptr
204aa590   LOG_A_TABBEG
204aa590   LOG_system
204aa590   _LOG_system
204aa5a8   _bridge
204aa5a8   bridge
204aa5c0   _trace
204aa5c0   trace
204aa5d8   LOG_multimedia
204aa5d8   _LOG_multimedia
204aa5f0   LOG_A_TABEND
204aa5f0   SYS$config
204aa600   bridge$buf
204aa800   LOG_system$buf
204aa90c   TERMINATE_TSK
204aa90c   _TERMINATE_TSK
204aa974   TSK_dispatcher
204aa974   _TSK_dispatcher
204aa9dc   TSK_idle
204aa9dc   _TSK_idle
204aaa38   __CIOBUF_
204aab58   UDEV_dbpipe$obj
204aab64   UDEV_dbpipe$device
204aab7c   UDEV_eteedn$obj
204aab88   UDEV_eteedn$device
204aaba0   UDEV_codec$obj
204aabac   UDEV_codec$device
204aabc4   UDEV_mixer$obj
204aabd0   UDEV_mixer$device
204aabe8   UDEV_mmmdn$obj
204aabf4   UDEV_mmmdn$device
204aac0c   UDEV_acdn$obj
204aac18   UDEV_acdn$device
204aac30   UDEV_host$obj
204aac3c   UDEV_host$device
204aac54   KNL_swi
204aac54   SWI_A_TABBEG
204aac54   _KNL_swi
204aac80   PWRM_loadSwi
204aac80   _PWRM_loadSwi
204aacac   SWI_A_TABEND
204aacac   ___c_args__
204aacb0   _gulNbSyncClockTN
204aacb4   _ghSyncClockTNSWI
204aacf0   SEM_BPWRmutex
204aacf0   _SEM_BPWRmutex
204aad10   _SRC_TI_IALG
204aad10   _SRC_TI_ISRC
204aad3c   KNL_swi$sts$stsobj
204aad3c   STS_A_TABBEG
204aad40   KNL_swi$sts
204aad4c   PWRM_loadSwi$sts$stsobj
204aad50   PWRM_loadSwi$sts
204aad60   __DLModules
204aad68   IDL_A_TABBEG
204aad68   PWRM_idleCPU
204aad68   _PWRM_idleCPU
204aad6c   _idlInst
204aad6c   idlInst
204aad70   IDL_END
204aad74   IDL_A_CALBEG
204aad74   PWRM_idleCPU$
204aad78   idlInst$
204aad7c   IDL_END$
204aad80   TRC_cinit
204aad84   TRC_R_mask
204aad84   _TRC_R_mask
204aad88   GBL_initdone
204aad8c   CLK_A_TABBEG
204aad8c   PRD_clock
204aad8c   _PRD_clock
204aad90   CLK_null
204effff   _EXT_END
3433370b   HWI_INTRMUX3
ffffffff   BRIDGE_TRACE
ffffffff   CACHE_L1D
ffffffff   CACHE_L1P
ffffffff   CACHE_L2
ffffffff   DYNEXTMEM
ffffffff   ECM_EVTMASK0
ffffffff   ECM_EVTMASK1
ffffffff   ECM_EVTMASK2
ffffffff   ECM_EVTMASK3
ffffffff   EXTCODE
ffffffff   GBL_L2MAR32_63
ffffffff   GBL_L2MAR64_95
ffffffff   GBL_L2MAR96_127
ffffffff   IRAM
ffffffff   SHMMEM
ffffffff   SHMSEG0_GPP
ffffffff   _BRIDGE_TRACE
ffffffff   _CACHE_L1D
ffffffff   _CACHE_L1P
ffffffff   _CACHE_L2
ffffffff   _DYNEXTMEM
ffffffff   _EXTCODE
ffffffff   _IRAM
ffffffff   _SHMMEM
ffffffff   _SHMSEG0_GPP
ffffffff   ___binit__
ffffffff   ___pinit__
ffffffff   binit
ffffffff   pinit

[2068 symbols]
